Component: Arm Compiler for Embedded 6.19 Tool: armlink [5e73cb00]

==============================================================================

Section Cross References

    empty.o(.text) refers (Special) to _printf_percent.o(.ARM.Collect$$_printf_percent$$00000000) for _printf_percent
    empty.o(.text) refers (Special) to _printf_pad.o(.text) for _printf_pre_padding
    empty.o(.text) refers (Special) to _printf_d.o(.ARM.Collect$$_printf_percent$$00000009) for _printf_d
    empty.o(.text) refers (Special) to _printf_dec.o(.text) for _printf_int_dec
    empty.o(.text.TIME_Proc) refers (Special) to _printf_percent.o(.ARM.Collect$$_printf_percent$$00000000) for _printf_percent
    empty.o(.text.TIME_Proc) refers (Special) to _printf_pad.o(.text) for _printf_pre_padding
    empty.o(.text.TIME_Proc) refers (Special) to _printf_d.o(.ARM.Collect$$_printf_percent$$00000009) for _printf_d
    empty.o(.text.TIME_Proc) refers (Special) to _printf_dec.o(.text) for _printf_int_dec
    empty.o(.text.TIME_Proc) refers to aeabi_sdivfast.o(.text_divfast) for __aeabi_uidiv
    empty.o(.text.TIME_Proc) refers to aeabi_sdivfast.o(.text) for __aeabi_uidivmod
    empty.o(.text.TIME_Proc) refers to empty.o(.bss.cnt_ms) for cnt_ms
    empty.o(.text.TIME_Proc) refers to empty.o(.bss.cnt_min) for cnt_min
    empty.o(.text.TIME_Proc) refers to empty.o(.bss.cnt_sec) for cnt_sec
    empty.o(.ARM.exidx.text.TIME_Proc) refers (Special) to _printf_percent.o(.ARM.Collect$$_printf_percent$$00000000) for _printf_percent
    empty.o(.ARM.exidx.text.TIME_Proc) refers (Special) to _printf_pad.o(.text) for _printf_pre_padding
    empty.o(.ARM.exidx.text.TIME_Proc) refers (Special) to _printf_d.o(.ARM.Collect$$_printf_percent$$00000009) for _printf_d
    empty.o(.ARM.exidx.text.TIME_Proc) refers (Special) to _printf_dec.o(.text) for _printf_int_dec
    empty.o(.ARM.exidx.text.TIME_Proc) refers to empty.o(.text.TIME_Proc) for [Anonymous Symbol]
    empty.o(.text.Distance_Proc) refers (Special) to _printf_percent.o(.ARM.Collect$$_printf_percent$$00000000) for _printf_percent
    empty.o(.text.Distance_Proc) refers (Special) to _printf_pad.o(.text) for _printf_pre_padding
    empty.o(.text.Distance_Proc) refers (Special) to _printf_d.o(.ARM.Collect$$_printf_percent$$00000009) for _printf_d
    empty.o(.text.Distance_Proc) refers (Special) to _printf_dec.o(.text) for _printf_int_dec
    empty.o(.text.Distance_Proc) refers to encoder.o(.text.Motor_get_distance) for Motor_get_distance
    empty.o(.text.Distance_Proc) refers to dflti.o(.text) for __aeabi_i2d
    empty.o(.text.Distance_Proc) refers to dmul.o(.text) for __aeabi_dmul
    empty.o(.text.Distance_Proc) refers to ddiv.o(.text) for __aeabi_ddiv
    empty.o(.text.Distance_Proc) refers to dfixi.o(.text) for __aeabi_d2iz
    empty.o(.text.Distance_Proc) refers to aeabi_sdivfast.o(.text_divfast) for __aeabi_idiv
    empty.o(.text.Distance_Proc) refers to empty.o(.bss.distance) for distance
    empty.o(.text.Distance_Proc) refers to empty.o(.bss.dis_m) for dis_m
    empty.o(.text.Distance_Proc) refers to empty.o(.bss.dis_cm) for dis_cm
    empty.o(.ARM.exidx.text.Distance_Proc) refers (Special) to _printf_percent.o(.ARM.Collect$$_printf_percent$$00000000) for _printf_percent
    empty.o(.ARM.exidx.text.Distance_Proc) refers (Special) to _printf_pad.o(.text) for _printf_pre_padding
    empty.o(.ARM.exidx.text.Distance_Proc) refers (Special) to _printf_d.o(.ARM.Collect$$_printf_percent$$00000009) for _printf_d
    empty.o(.ARM.exidx.text.Distance_Proc) refers (Special) to _printf_dec.o(.text) for _printf_int_dec
    empty.o(.ARM.exidx.text.Distance_Proc) refers to empty.o(.text.Distance_Proc) for [Anonymous Symbol]
    empty.o(.text.Servo_Proc) refers (Special) to _printf_percent.o(.ARM.Collect$$_printf_percent$$00000000) for _printf_percent
    empty.o(.text.Servo_Proc) refers (Special) to _printf_pad.o(.text) for _printf_pre_padding
    empty.o(.text.Servo_Proc) refers (Special) to _printf_d.o(.ARM.Collect$$_printf_percent$$00000009) for _printf_d
    empty.o(.text.Servo_Proc) refers (Special) to _printf_dec.o(.text) for _printf_int_dec
    empty.o(.text.Servo_Proc) refers to servo.o(.text.Servo_set_angle) for Servo_set_angle
    empty.o(.text.Servo_Proc) refers to empty.o(.data.angle) for angle
    empty.o(.text.Servo_Proc) refers to empty.o(.bss.cnt_s) for cnt_s
    empty.o(.text.Servo_Proc) refers to ldc1000.o(.bss.ProximityData) for ProximityData
    empty.o(.ARM.exidx.text.Servo_Proc) refers (Special) to _printf_percent.o(.ARM.Collect$$_printf_percent$$00000000) for _printf_percent
    empty.o(.ARM.exidx.text.Servo_Proc) refers (Special) to _printf_pad.o(.text) for _printf_pre_padding
    empty.o(.ARM.exidx.text.Servo_Proc) refers (Special) to _printf_d.o(.ARM.Collect$$_printf_percent$$00000009) for _printf_d
    empty.o(.ARM.exidx.text.Servo_Proc) refers (Special) to _printf_dec.o(.text) for _printf_int_dec
[...]
    ../clib/stdlib.c                         0x00000000   Number         0  exit.o ABSOLUTE
    ../clib/string.c                         0x00000000   Number         0  strcpy.o ABSOLUTE
    ../clib/string.c                         0x00000000   Number         0  strlen.o ABSOLUTE
    ../clib/string.c                         0x00000000   Number         0  strcat.o ABSOLUTE
    ../fplib/cfplib/cmp.c                    0x00000000   Number         0  fcmp.o ABSOLUTE
    ../fplib/cfplib/cmpret.c                 0x00000000   Number         0  cmpret.o ABSOLUTE
    ../fplib/cfplib/ddiv.c                   0x00000000   Number         0  ddiv.o ABSOLUTE
    ../fplib/cfplib/dmul.c                   0x00000000   Number         0  dmul.o ABSOLUTE
    ../fplib/cfplib/fcmpin.c                 0x00000000   Number         0  fcmpin.o ABSOLUTE
    ../fplib/cfplib/ffix.c                   0x00000000   Number         0  dfixi.o ABSOLUTE
    ../fplib/cfplib/ffix.c                   0x00000000   Number         0  ffixi.o ABSOLUTE
    ../fplib/cfplib/fflt.c                   0x00000000   Number         0  dflti.o ABSOLUTE
    ../fplib/cfplib/fflt.c                   0x00000000   Number         0  fflti.o ABSOLUTE
    ../fplib/cfplib/fpinit.c                 0x00000000   Number         0  fpinit.o ABSOLUTE
    ../fplib/cfplib/ieee_status.c            0x00000000   Number         0  ieee_status.o ABSOLUTE
    ../fplib/cfplib/nan2.c                   0x00000000   Number         0  fnan2.o ABSOLUTE
    ../fplib/cfplib/retnan.c                 0x00000000   Number         0  retnan.o ABSOLUTE
    ../fplib/faddsub6m.s                     0x00000000   Number         0  faddsub.o ABSOLUTE
    ../fplib/feqf6m.s                        0x00000000   Number         0  feqf.o ABSOLUTE
    ../fplib/fgeqf6m.s                       0x00000000   Number         0  fgef.o ABSOLUTE
    ../fplib/fleqf6m.s                       0x00000000   Number         0  flef.o ABSOLUTE
    ../fplib/fmul6m.s                        0x00000000   Number         0  fmul.o ABSOLUTE
    ../fplib/printf1.s                       0x00000000   Number         0  printf1.o ABSOLUTE
    ../fplib/printf2.s                       0x00000000   Number         0  printf2.o ABSOLUTE
    ../fplib/printf2a.s                      0x00000000   Number         0  printf2a.o ABSOLUTE
    ../fplib/printf2b.s                      0x00000000   Number         0  printf2b.o ABSOLUTE
    ../fplib/usenofp.s                       0x00000000   Number         0  usenofp.o ABSOLUTE
    ../mathlib/fpclassify.c                  0x00000000   Number         0  fpclassify.o ABSOLUTE
    TFT180.c                                 0x00000000   Number         0  tft180.o ABSOLUTE
    board.c                                  0x00000000   Number         0  board.o ABSOLUTE
    bsp_motor_hallencoder.c                  0x00000000   Number         0  bsp_motor_hallencoder.o ABSOLUTE
    bsp_tb6612.c                             0x00000000   Number         0  bsp_tb6612.o ABSOLUTE
    dc.s                                     0x00000000   Number         0  dc.o ABSOLUTE
    dl_adc12.c                               0x00000000   Number         0  dl_adc12.o ABSOLUTE
    dl_aes.c                                 0x00000000   Number         0  dl_aes.o ABSOLUTE
    dl_aesadv.c                              0x00000000   Number         0  dl_aesadv.o ABSOLUTE
    dl_common.c                              0x00000000   Number         0  dl_common.o ABSOLUTE
    dl_crc.c                                 0x00000000   Number         0  dl_crc.o ABSOLUTE
    dl_crcp.c                                0x00000000   Number         0  dl_crcp.o ABSOLUTE
    dl_dac12.c                               0x00000000   Number         0  dl_dac12.o ABSOLUTE
    dl_dma.c                                 0x00000000   Number         0  dl_dma.o ABSOLUTE
    dl_factoryregion.c                       0x00000000   Number         0  dl_factoryregion.o ABSOLUTE
    dl_flashctl.c                            0x00000000   Number         0  dl_flashctl.o ABSOLUTE
    dl_i2c.c                                 0x00000000   Number         0  dl_i2c.o ABSOLUTE
    dl_interrupt.c                           0x00000000   Number         0  dl_interrupt.o ABSOLUTE
    dl_keystorectl.c                         0x00000000   Number         0  dl_keystorectl.o ABSOLUTE
    dl_lcd.c                                 0x00000000   Number         0  dl_lcd.o ABSOLUTE
    dl_lfss.c                                0x00000000   Number         0  dl_lfss.o ABSOLUTE
    dl_mathacl.c                             0x00000000   Number         0  dl_mathacl.o ABSOLUTE
    dl_mcan.c                                0x00000000   Number         0  dl_mcan.o ABSOLUTE
    dl_opa.c                                 0x00000000   Number         0  dl_opa.o ABSOLUTE
    dl_rtc_common.c                          0x00000000   Number         0  dl_rtc_common.o ABSOLUTE
    dl_spi.c                                 0x00000000   Number         0  dl_spi.o ABSOLUTE
    dl_timer.c                               0x00000000   Number         0  dl_timer.o ABSOLUTE
    dl_trng.c                                0x00000000   Number         0  dl_trng.o ABSOLUTE
    dl_uart.c                                0x00000000   Number         0  dl_uart.o ABSOLUTE
    dl_vref.c                                0x00000000   Number         0  dl_vref.o ABSOLUTE
    empty.c                                  0x00000000   Number         0  empty.o ABSOLUTE
    encoder.c                                0x00000000   Number         0  encoder.o ABSOLUTE
    ldc1000.c                                0x00000000   Number         0  ldc1000.o ABSOLUTE
    servo.c                                  0x00000000   Number         0  servo.o ABSOLUTE
    startup_mspm0g350x_uvision.s             0x00000000   Number         0  startup_mspm0g350x_uvision.o ABSOLUTE
    ti_msp_dl_config.c                       0x00000000   Number         0  ti_msp_dl_config.o ABSOLUTE
    RESET                                    0x00000000   Section      192  startup_mspm0g350x_uvision.o(RESET)
    !!!main                                  0x000000c0   Section        8  __main.o(!!!main)
    !!!scatter                               0x000000c8   Section       60  __scatter.o(!!!scatter)
    !!handler_copy                           0x00000108   Section       26  __scatter_copy.o(!!handler_copy)
    !!handler_zi                             0x00000128   Section       28  __scatter_zi.o(!!handler_zi)
    .ARM.Collect$$_printf_percent$$00000000  0x00000144   Section        2  _printf_percent.o(.ARM.Collect$$_printf_percent$$00000000)
    .ARM.Collect$$_printf_percent$$00000009  0x00000146   Section       10  _printf_d.o(.ARM.Collect$$_printf_percent$$00000009)
    .ARM.Collect$$_printf_percent$$00000017  0x00000150   Section        4  _printf_percent_end.o(.ARM.Collect$$_printf_percent$$00000017)
    .ARM.Collect$$libinit$$00000000          0x00000154   Section        2  libinit.o(.ARM.Collect$$libinit$$00000000)
    .ARM.Collect$$libinit$$00000002          0x00000156   Section        0  libinit2.o(.ARM.Collect$$libinit$$00000002)
    .ARM.Collect$$libinit$$00000004          0x00000156   Section        0  libinit2.o(.ARM.Collect$$libinit$$00000004)
    .ARM.Collect$$libinit$$00000006          0x00000156   Section        0  libinit2.o(.ARM.Collect$$libinit$$00000006)
    .ARM.Collect$$libinit$$0000000C          0x00000156   Section        0  libinit2.o(.ARM.Collect$$libinit$$0000000C)
    .ARM.Collect$$libinit$$0000000E          0x00000156   Section        0  libinit2.o(.ARM.Collect$$libinit$$0000000E)
    .ARM.Collect$$libinit$$00000010          0x00000156   Section        0  libinit2.o(.ARM.Collect$$libinit$$00000010)
    .ARM.Collect$$libinit$$00000013          0x00000156   Section        0  libinit2.o(.ARM.Collect$$libinit$$00000013)
    .ARM.Collect$$libinit$$00000015          0x00000156   Section        0  libinit2.o(.ARM.Collect$$libinit$$00000015)
    .ARM.Collect$$libinit$$00000017          0x00000156   Section        0  libinit2.o(.ARM.Collect$$libinit$$00000017)
    .ARM.Collect$$libinit$$00000019          0x00000156   Section        0  libinit2.o(.ARM.Collect$$libinit$$00000019)
    .ARM.Collect$$libinit$$0000001B          0x00000156   Section        0  libinit2.o(.ARM.Collect$$libinit$$0000001B)
    .ARM.Collect$$libinit$$0000001D          0x00000156   Section        0  libinit2.o(.ARM.Collect$$libinit$$0000001D)
    .ARM.Collect$$libinit$$0000001F          0x00000156   Section        0  libinit2.o(.ARM.Collect$$libinit$$0000001F)
    .ARM.Collect$$libinit$$00000021          0x00000156   Section        0  libinit2.o(.ARM.Collect$$libinit$$00000021)
    .ARM.Collect$$libinit$$00000023          0x00000156   Section        0  libinit2.o(.ARM.Collect$$libinit$$00000023)
    .ARM.Collect$$libinit$$00000025          0x00000156   Section        0  libinit2.o(.ARM.Collect$$libinit$$00000025)
    .ARM.Collect$$libinit$$00000027          0x00000156   Section        0  libinit2.o(.ARM.Collect$$libinit$$00000027)
    .ARM.Collect$$libinit$$0000002E          0x00000156   Section        0  libinit2.o(.ARM.Collect$$libinit$$0000002E)
    .ARM.Collect$$libinit$$00000030          0x00000156   Section        0  libinit2.o(.ARM.Collect$$libinit$$00000030)
    .ARM.Collect$$libinit$$00000032          0x00000156   Section        0  libinit2.o(.ARM.Collect$$libinit$$00000032)
    .ARM.Collect$$libinit$$00000034          0x00000156   Section        0  libinit2.o(.ARM.Collect$$libinit$$00000034)
    .ARM.Collect$$libinit$$00000035          0x00000156   Section        2  libinit2.o(.ARM.Collect$$libinit$$00000035)
    .ARM.Collect$$libshutdown$$00000000      0x00000158   Section        2  libshutdown.o(.ARM.Collect$$libshutdown$$00000000)
    .ARM.Collect$$libshutdown$$00000002      0x0000015a   Section        0  libshutdown2.o(.ARM.Collect$$libshutdown$$00000002)
    .ARM.Collect$$libshutdown$$00000004      0x0000015a   Section        0  libshutdown2.o(.ARM.Collect$$libshutdown$$00000004)
    .ARM.Collect$$libshutdown$$00000007      0x0000015a   Section        0  libshutdown2.o(.ARM.Collect$$libshutdown$$00000007)
    .ARM.Collect$$libshutdown$$0000000A      0x0000015a   Section        0  libshutdown2.o(.ARM.Collect$$libshutdown$$0000000A)
    .ARM.Collect$$libshutdown$$0000000C      0x0000015a   Section        0  libshutdown2.o(.ARM.Collect$$libshutdown$$0000000C)
    .ARM.Collect$$libshutdown$$0000000F      0x0000015a   Section        0  libshutdown2.o(.ARM.Collect$$libshutdown$$0000000F)
    .ARM.Collect$$libshutdown$$00000010      0x0000015a   Section        2  libshutdown2.o(.ARM.Collect$$libshutdown$$00000010)
    .ARM.Collect$$rtentry$$00000000          0x0000015c   Section        0  __rtentry.o(.ARM.Collect$$rtentry$$00000000)
    .ARM.Collect$$rtentry$$00000002          0x0000015c   Section        0  __rtentry2.o(.ARM.Collect$$rtentry$$00000002)
    .ARM.Collect$$rtentry$$00000004          0x0000015c   Section        6  __rtentry4.o(.ARM.Collect$$rtentry$$00000004)
    .ARM.Collect$$rtentry$$00000009          0x00000162   Section        0  __rtentry2.o(.ARM.Collect$$rtentry$$00000009)
    .ARM.Collect$$rtentry$$0000000A          0x00000162   Section        4  __rtentry2.o(.ARM.Collect$$rtentry$$0000000A)
    .ARM.Collect$$rtentry$$0000000C          0x00000166   Section        0  __rtentry2.o(.ARM.Collect$$rtentry$$0000000C)
    .ARM.Collect$$rtentry$$0000000D          0x00000166   Section        8  __rtentry2.o(.ARM.Collect$$rtentry$$0000000D)
    .ARM.Collect$$rtexit$$00000000           0x0000016e   Section        2  rtexit.o(.ARM.Collect$$rtexit$$00000000)
    .ARM.Collect$$rtexit$$00000002           0x00000170   Section        0  rtexit2.o(.ARM.Collect$$rtexit$$00000002)
    .ARM.Collect$$rtexit$$00000003           0x00000170   Section        4  rtexit2.o(.ARM.Collect$$rtexit$$00000003)
    .ARM.Collect$$rtexit$$00000004           0x00000174   Section        6  rtexit2.o(.ARM.Collect$$rtexit$$00000004)
    .text                                    0x0000017c   Section       44  startup_mspm0g350x_uvision.o(.text)
    .text                                    0x000001a8   Section        0  __2sprintf.o(.text)
    .text                                    0x000001d4   Section        0  _printf_pad.o(.text)
    .text                                    0x00000224   Section        0  _printf_dec.o(.text)
    .text                                    0x00000290   Section        0  __printf_flags_ss_wp.o(.text)
    .text                                    0x00000418   Section        0  rt_memclr.o(.text)
    .text                                    0x00000458   Section      504  aeabi_sdivfast.o(.text)
    .text                                    0x00000650   Section        0  heapauxi.o(.text)
    .text                                    0x00000658   Section        0  ddiv.o(.text)
    .text                                    0x00000aa0   Section        0  dfixi.o(.text)
    .text                                    0x00000b0c   Section        0  dflti.o(.text)
    .text                                    0x00000b64   Section        0  dmul.o(.text)
    .text                                    0x00000dac   Section        0  ffixi.o(.text)
    .text                                    0x00000df8   Section        0  fflti.o(.text)
    .text                                    0x00000e56   Section        0  _printf_intcommon.o(.text)
    _printf_input_char                       0x00000f09   Thumb Code    10  _printf_char_common.o(.text)
    .text                                    0x00000f08   Section        0  _printf_char_common.o(.text)
    .text                                    0x00000f38   Section        0  _sputc.o(.text)
    .text                                    0x00000f42   Section        0  rtudiv10.o(.text)
    .text                                    0x00000f6c   Section        0  fcmpin.o(.text)
    .text                                    0x00000fd0   Section       62  sys_stackheap_outer.o(.text)
    .text                                    0x0000100e   Section        0  exit.o(.text)
    .text                                    0x0000101e   Section        0  cmpret.o(.text)
    .text                                    0x0000104c   Section        0  fnan2.o(.text)
    .text                                    0x0000105c   Section        8  libspace.o(.text)
    .text                                    0x00001064   Section        0  retnan.o(.text)
    .text                                    0x000010c4   Section        0  sys_exit.o(.text)
    .text                                    0x000010d0   Section        2  use_no_semi.o(.text)
    [Anonymous Symbol]                       0x000010d2   Section        0  dl_common.o(.text.DL_Common_delayCycles)
    .text                                    0x000010d2   Section        0  indicate_semi.o(.text)
    [Anonymous Symbol]                       0x000010dc   Section        0  dl_spi.o(.text.DL_SPI_init)
    __arm_cp.0_0                             0x00001118   Number         4  dl_spi.o(.text.DL_SPI_init)
    __arm_cp.0_1                             0x0000111c   Number         4  dl_spi.o(.text.DL_SPI_init)
    [Anonymous Symbol]                       0x00001120   Section        0  dl_spi.o(.text.DL_SPI_setClockConfig)
    [Anonymous Symbol]                       0x00001134   Section        0  dl_timer.o(.text.DL_Timer_initFourCCPWMMode)
    __arm_cp.38_1                            0x00001228   Number         4  dl_timer.o(.text.DL_Timer_initFourCCPWMMode)
    __arm_cp.38_2                            0x0000122c   Number         4  dl_timer.o(.text.DL_Timer_initFourCCPWMMode)
    __arm_cp.38_4                            0x00001230   Number         4  dl_timer.o(.text.DL_Timer_initFourCCPWMMode)
    __arm_cp.38_5                            0x00001234   Number         4  dl_timer.o(.text.DL_Timer_initFourCCPWMMode)
    __arm_cp.38_6                            0x00001238   Number         4  dl_timer.o(.text.DL_Timer_initFourCCPWMMode)
    [Anonymous Symbol]                       0x0000123c   Section        0  dl_timer.o(.text.DL_Timer_initTimerMode)
    __arm_cp.2_0                             0x00001318   Number         4  dl_timer.o(.text.DL_Timer_initTimerMode)
    __arm_cp.2_1                             0x0000131c   Number         4  dl_timer.o(.text.DL_Timer_initTimerMode)
    __arm_cp.2_2                             0x00001320   Number         4  dl_timer.o(.text.DL_Timer_initTimerMode)
    [Anonymous Symbol]                       0x00001324   Section        0  dl_timer.o(.text.DL_Timer_setCaptCompUpdateMethod)
    __arm_cp.23_0                            0x0000133c   Number         4  dl_timer.o(.text.DL_Timer_setCaptCompUpdateMethod)
    [Anonymous Symbol]                       0x00001340   Section        0  dl_timer.o(.text.DL_Timer_setCaptureCompareOutCtl)
    __arm_cp.25_0                            0x00001354   Number         4  dl_timer.o(.text.DL_Timer_setCaptureCompareOutCtl)
    [Anonymous Symbol]                       0x00001358   Section        0  dl_timer.o(.text.DL_Timer_setCaptureCompareValue)
    __arm_cp.3_0                             0x00001364   Number         4  dl_timer.o(.text.DL_Timer_setCaptureCompareValue)
    [Anonymous Symbol]                       0x00001368   Section        0  dl_timer.o(.text.DL_Timer_setClockConfig)
    __arm_cp.0_0                             0x00001380   Number         4  dl_timer.o(.text.DL_Timer_setClockConfig)
    [Anonymous Symbol]                       0x00001384   Section        0  dl_uart.o(.text.DL_UART_init)
    __arm_cp.0_0                             0x000013c4   Number         4  dl_uart.o(.text.DL_UART_init)
    __arm_cp.0_1                             0x000013c8   Number         4  dl_uart.o(.text.DL_UART_init)
    [Anonymous Symbol]                       0x000013cc   Section        0  dl_uart.o(.text.DL_UART_setClockConfig)
    [Anonymous Symbol]                       0x000013e0   Section        0  encoder.o(.text.GROUP1_IRQHandler)
    __arm_cp.3_0                             0x00001514   Number         4  encoder.o(.text.GROUP1_IRQHandler)
    __arm_cp.3_1                             0x00001518   Number         4  encoder.o(.text.GROUP1_IRQHandler)
    [Anonymous Symbol]                       0x0000151c   Section        0  ldc1000.o(.text.LDC1000_Init)
    [Anonymous Symbol]                       0x000016d8   Section        0  ldc1000.o(.text.LDC1000_ReadData)
    __arm_cp.4_1                             0x00001758   Number         4  ldc1000.o(.text.LDC1000_ReadData)
    __arm_cp.4_2                             0x0000175c   Number         4  ldc1000.o(.text.LDC1000_ReadData)
    __arm_cp.4_3                             0x00001760   Number         4  ldc1000.o(.text.LDC1000_ReadData)
    __arm_cp.4_4                             0x00001764   Number         4  ldc1000.o(.text.LDC1000_ReadData)
    [Anonymous Symbol]                       0x00001768   Section        0  encoder.o(.text.Motor_Init)
    __arm_cp.0_0                             0x00001770   Number         4  encoder.o(.text.Motor_Init)
    [Anonymous Symbol]                       0x00001774   Section        0  encoder.o(.text.Motor_get_distance)
    __arm_cp.1_0                             0x00001784   Number         4  encoder.o(.text.Motor_get_distance)
    __arm_cp.1_1                             0x00001788   Number         4  encoder.o(.text.Motor_get_distance)
    [Anonymous Symbol]                       0x0000178c   Section        0  empty.o(.text.SHOW_Proc)
    __arm_cp.5_0                             0x00001840   Number         4  empty.o(.text.SHOW_Proc)
    __arm_cp.5_1                             0x00001844   Number         4  empty.o(.text.SHOW_Proc)
    __arm_cp.5_2                             0x00001848   Number         4  empty.o(.text.SHOW_Proc)
    __arm_cp.5_4                             0x0000185c   Number         4  empty.o(.text.SHOW_Proc)
    __arm_cp.5_5                             0x00001860   Number         4  empty.o(.text.SHOW_Proc)
    __arm_cp.5_6                             0x00001864   Number         4  empty.o(.text.SHOW_Proc)
    __arm_cp.5_7                             0x00001868   Number         4  empty.o(.text.SHOW_Proc)
    __arm_cp.5_9                             0x00001880   Number         4  empty.o(.text.SHOW_Proc)
    __arm_cp.5_11                            0x00001890   Number         4  empty.o(.text.SHOW_Proc)
    __arm_cp.5_12                            0x00001894   Number         4  empty.o(.text.SHOW_Proc)
    [Anonymous Symbol]                       0x000018a4   Section        0  ti_msp_dl_config.o(.text.SYSCFG_DL_GPIO_init)
    __arm_cp.2_0                             0x00001950   Number         4  ti_msp_dl_config.o(.text.SYSCFG_DL_GPIO_init)
    __arm_cp.2_1                             0x00001954   Number         4  ti_msp_dl_config.o(.text.SYSCFG_DL_GPIO_init)
    __arm_cp.2_2                             0x00001958   Number         4  ti_msp_dl_config.o(.text.SYSCFG_DL_GPIO_init)
    __arm_cp.2_3                             0x0000195c   Number         4  ti_msp_dl_config.o(.text.SYSCFG_DL_GPIO_init)
    __arm_cp.2_4                             0x00001960   Number         4  ti_msp_dl_config.o(.text.SYSCFG_DL_GPIO_init)
    __arm_cp.2_5                             0x00001964   Number         4  ti_msp_dl_config.o(.text.SYSCFG_DL_GPIO_init)
    __arm_cp.2_6                             0x00001968   Number         4  ti_msp_dl_config.o(.text.SYSCFG_DL_GPIO_init)
    __arm_cp.2_7                             0x0000196c   Number         4  ti_msp_dl_config.o(.text.SYSCFG_DL_GPIO_init)
    __arm_cp.2_8                             0x00001970   Number         4  ti_msp_dl_config.o(.text.SYSCFG_DL_GPIO_init)
    __arm_cp.2_9                             0x00001974   Number         4  ti_msp_dl_config.o(.text.SYSCFG_DL_GPIO_init)
    __arm_cp.2_10                            0x00001978   Number         4  ti_msp_dl_config.o(.text.SYSCFG_DL_GPIO_init)
    __arm_cp.2_11                            0x0000197c   Number         4  ti_msp_dl_config.o(.text.SYSCFG_DL_GPIO_init)
    __arm_cp.2_12                            0x00001980   Number         4  ti_msp_dl_config.o(.text.SYSCFG_DL_GPIO_init)
    [Anonymous Symbol]                       0x00001984   Section        0  ti_msp_dl_config.o(.text.SYSCFG_DL_LDC_CLK_init)
    __arm_cp.5_0                             0x000019cc   Number         4  ti_msp_dl_config.o(.text.SYSCFG_DL_LDC_CLK_init)
    __arm_cp.5_1                             0x000019d0   Number         4  ti_msp_dl_config.o(.text.SYSCFG_DL_LDC_CLK_init)
    __arm_cp.5_2                             0x000019d4   Number         4  ti_msp_dl_config.o(.text.SYSCFG_DL_LDC_CLK_init)
    __arm_cp.5_3                             0x000019d8   Number         4  ti_msp_dl_config.o(.text.SYSCFG_DL_LDC_CLK_init)
    [Anonymous Symbol]                       0x000019dc   Section        0  ti_msp_dl_config.o(.text.SYSCFG_DL_SERVO_init)
    __arm_cp.6_1                             0x00001a24   Number         4  ti_msp_dl_config.o(.text.SYSCFG_DL_SERVO_init)
    __arm_cp.6_2                             0x00001a28   Number         4  ti_msp_dl_config.o(.text.SYSCFG_DL_SERVO_init)
    __arm_cp.6_3                             0x00001a2c   Number         4  ti_msp_dl_config.o(.text.SYSCFG_DL_SERVO_init)
    __arm_cp.6_4                             0x00001a30   Number         4  ti_msp_dl_config.o(.text.SYSCFG_DL_SERVO_init)
    [Anonymous Symbol]                       0x00001a34   Section        0  ti_msp_dl_config.o(.text.SYSCFG_DL_SPI_LDC_init)
    __arm_cp.10_0                            0x00001a6c   Number         4  ti_msp_dl_config.o(.text.SYSCFG_DL_SPI_LDC_init)
    __arm_cp.10_1                            0x00001a70   Number         4  ti_msp_dl_config.o(.text.SYSCFG_DL_SPI_LDC_init)
    __arm_cp.10_2                            0x00001a74   Number         4  ti_msp_dl_config.o(.text.SYSCFG_DL_SPI_LDC_init)
    __arm_cp.10_3                            0x00001a78   Number         4  ti_msp_dl_config.o(.text.SYSCFG_DL_SPI_LDC_init)
    [Anonymous Symbol]                       0x00001a7c   Section        0  ti_msp_dl_config.o(.text.SYSCFG_DL_SYSCTL_init)
    __arm_cp.3_0                             0x00001ab0   Number         4  ti_msp_dl_config.o(.text.SYSCFG_DL_SYSCTL_init)
    __arm_cp.3_1                             0x00001ab4   Number         4  ti_msp_dl_config.o(.text.SYSCFG_DL_SYSCTL_init)
    __arm_cp.3_2                             0x00001ab8   Number         4  ti_msp_dl_config.o(.text.SYSCFG_DL_SYSCTL_init)
    [Anonymous Symbol]                       0x00001abc   Section        0  ti_msp_dl_config.o(.text.SYSCFG_DL_SYSTICK_init)
    __arm_cp.11_0                            0x00001ae0   Number         4  ti_msp_dl_config.o(.text.SYSCFG_DL_SYSTICK_init)
    __arm_cp.11_1                            0x00001ae4   Number         4  ti_msp_dl_config.o(.text.SYSCFG_DL_SYSTICK_init)
    __arm_cp.11_2                            0x00001ae8   Number         4  ti_msp_dl_config.o(.text.SYSCFG_DL_SYSTICK_init)
    [Anonymous Symbol]                       0x00001aec   Section        0  ti_msp_dl_config.o(.text.SYSCFG_DL_TB6612_PWM_init)
    __arm_cp.4_1                             0x00001b58   Number         4  ti_msp_dl_config.o(.text.SYSCFG_DL_TB6612_PWM_init)
    __arm_cp.4_2                             0x00001b5c   Number         4  ti_msp_dl_config.o(.text.SYSCFG_DL_TB6612_PWM_init)
    __arm_cp.4_3                             0x00001b60   Number         4  ti_msp_dl_config.o(.text.SYSCFG_DL_TB6612_PWM_init)
    [Anonymous Symbol]                       0x00001b64   Section        0  ti_msp_dl_config.o(.text.SYSCFG_DL_TFT_SPI_init)
    __arm_cp.9_0                             0x00001b9c   Number         4  ti_msp_dl_config.o(.text.SYSCFG_DL_TFT_SPI_init)
    __arm_cp.9_1                             0x00001ba0   Number         4  ti_msp_dl_config.o(.text.SYSCFG_DL_TFT_SPI_init)
    __arm_cp.9_2                             0x00001ba4   Number         4  ti_msp_dl_config.o(.text.SYSCFG_DL_TFT_SPI_init)
    __arm_cp.9_3                             0x00001ba8   Number         4  ti_msp_dl_config.o(.text.SYSCFG_DL_TFT_SPI_init)
    __arm_cp.9_4                             0x00001bac   Number         4  ti_msp_dl_config.o(.text.SYSCFG_DL_TFT_SPI_init)
    [Anonymous Symbol]                       0x00001bb0   Section        0  ti_msp_dl_config.o(.text.SYSCFG_DL_TIMER_0_init)
    __arm_cp.7_0                             0x00001be4   Number         4  ti_msp_dl_config.o(.text.SYSCFG_DL_TIMER_0_init)
    __arm_cp.7_1                             0x00001be8   Number         4  ti_msp_dl_config.o(.text.SYSCFG_DL_TIMER_0_init)
    __arm_cp.7_2                             0x00001bec   Number         4  ti_msp_dl_config.o(.text.SYSCFG_DL_TIMER_0_init)
    __arm_cp.7_3                             0x00001bf0   Number         4  ti_msp_dl_config.o(.text.SYSCFG_DL_TIMER_0_init)
    __arm_cp.7_4                             0x00001bf4   Number         4  ti_msp_dl_config.o(.text.SYSCFG_DL_TIMER_0_init)
    __arm_cp.7_5                             0x00001bf8   Number         4  ti_msp_dl_config.o(.text.SYSCFG_DL_TIMER_0_init)
    [Anonymous Symbol]                       0x00001bfc   Section        0  ti_msp_dl_config.o(.text.SYSCFG_DL_UART_0_init)
    __arm_cp.8_0                             0x00001c48   Number         4  ti_msp_dl_config.o(.text.SYSCFG_DL_UART_0_init)
    __arm_cp.8_1                             0x00001c4c   Number         4  ti_msp_dl_config.o(.text.SYSCFG_DL_UART_0_init)
    __arm_cp.8_2                             0x00001c50   Number         4  ti_msp_dl_config.o(.text.SYSCFG_DL_UART_0_init)
    __arm_cp.8_3                             0x00001c54   Number         4  ti_msp_dl_config.o(.text.SYSCFG_DL_UART_0_init)
    __arm_cp.8_4                             0x00001c58   Number         4  ti_msp_dl_config.o(.text.SYSCFG_DL_UART_0_init)
    [Anonymous Symbol]                       0x00001c5c   Section        0  ti_msp_dl_config.o(.text.SYSCFG_DL_init)
    __arm_cp.0_0                             0x00001ca4   Number         4  ti_msp_dl_config.o(.text.SYSCFG_DL_init)
    __arm_cp.0_1                             0x00001ca8   Number         4  ti_msp_dl_config.o(.text.SYSCFG_DL_init)
    __arm_cp.0_2                             0x00001cac   Number         4  ti_msp_dl_config.o(.text.SYSCFG_DL_init)
    __arm_cp.0_3                             0x00001cb0   Number         4  ti_msp_dl_config.o(.text.SYSCFG_DL_init)
    [Anonymous Symbol]                       0x00001cb4   Section        0  ti_msp_dl_config.o(.text.SYSCFG_DL_initPower)
    __arm_cp.1_0                             0x00001d04   Number         4  ti_msp_dl_config.o(.text.SYSCFG_DL_initPower)
    __arm_cp.1_1                             0x00001d08   Number         4  ti_msp_dl_config.o(.text.SYSCFG_DL_initPower)
    __arm_cp.1_2                             0x00001d0c   Number         4  ti_msp_dl_config.o(.text.SYSCFG_DL_initPower)
    __arm_cp.1_3                             0x00001d10   Number         4  ti_msp_dl_config.o(.text.SYSCFG_DL_initPower)
    __arm_cp.1_4                             0x00001d14   Number         4  ti_msp_dl_config.o(.text.SYSCFG_DL_initPower)
    __arm_cp.1_5                             0x00001d18   Number         4  ti_msp_dl_config.o(.text.SYSCFG_DL_initPower)
    __arm_cp.1_6                             0x00001d1c   Number         4  ti_msp_dl_config.o(.text.SYSCFG_DL_initPower)
    __arm_cp.1_7                             0x00001d20   Number         4  ti_msp_dl_config.o(.text.SYSCFG_DL_initPower)
    __arm_cp.1_8                             0x00001d24   Number         4  ti_msp_dl_config.o(.text.SYSCFG_DL_initPower)
    __arm_cp.1_9                             0x00001d28   Number         4  ti_msp_dl_config.o(.text.SYSCFG_DL_initPower)
    __arm_cp.1_10                            0x00001d2c   Number         4  ti_msp_dl_config.o(.text.SYSCFG_DL_initPower)
    [Anonymous Symbol]                       0x00001d30   Section        0  servo.o(.text.Servo_set_angle)
    __arm_cp.1_0                             0x00001d4c   Number         4  servo.o(.text.Servo_set_angle)
    [Anonymous Symbol]                       0x00001d50   Section        0  empty.o(.text.SysTick_Handler)
    __arm_cp.7_0                             0x00001d9c   Number         4  empty.o(.text.SysTick_Handler)
    __arm_cp.7_2                             0x00001da0   Number         4  empty.o(.text.SysTick_Handler)
    __arm_cp.7_4                             0x00001da4   Number         4  empty.o(.text.SysTick_Handler)
    [Anonymous Symbol]                       0x00001da8   Section        0  bsp_tb6612.o(.text.TB6612_SetLeftSpeed)
    [Anonymous Symbol]                       0x00001dcc   Section        0  bsp_tb6612.o(.text.TB6612_SetRightSpeed)
    __arm_cp.1_0                             0x00001df0   Number         4  bsp_tb6612.o(.text.TB6612_SetRightSpeed)
    __arm_cp.1_1                             0x00001df4   Number         4  bsp_tb6612.o(.text.TB6612_SetRightSpeed)
    [Anonymous Symbol]                       0x00001df8   Section        0  tft180.o(.text.func_float_to_str)
    __arm_cp.7_0                             0x00001f14   Number         4  tft180.o(.text.func_float_to_str)
    [Anonymous Symbol]                       0x00001f18   Section        0  empty.o(.text.main)
    __arm_cp.6_0                             0x00001fe8   Number         4  empty.o(.text.main)
    __arm_cp.6_1                             0x00001fec   Number         4  empty.o(.text.main)
    __arm_cp.6_2                             0x00001ff0   Number         4  empty.o(.text.main)
    __arm_cp.6_3                             0x00001ff4   Number         4  empty.o(.text.main)
    __arm_cp.6_4                             0x00001ff8   Number         4  empty.o(.text.main)
    __arm_cp.6_5                             0x00001ffc   Number         4  empty.o(.text.main)
    __arm_cp.6_6                             0x00002000   Number         4  empty.o(.text.main)
    __arm_cp.6_7                             0x00002004   Number         4  empty.o(.text.main)
    __arm_cp.6_8                             0x00002008   Number         4  empty.o(.text.main)
    __arm_cp.6_9                             0x0000200c   Number         4  empty.o(.text.main)
    __arm_cp.6_10                            0x00002010   Number         4  empty.o(.text.main)
    __arm_cp.6_11                            0x00002014   Number         4  empty.o(.text.main)
    __arm_cp.6_12                            0x00002018   Number         4  empty.o(.text.main)
    __arm_cp.6_13                            0x0000201c   Number         4  empty.o(.text.main)
    __arm_cp.6_14                            0x00002020   Number         4  empty.o(.text.main)
    __arm_cp.6_15                            0x00002024   Number         4  empty.o(.text.main)
    [Anonymous Symbol]                       0x00002028   Section        0  tft180.o(.text.tft180_init)
    __arm_cp.4_0                             0x00002424   Number         4  tft180.o(.text.tft180_init)
    __arm_cp.4_1                             0x00002428   Number         4  tft180.o(.text.tft180_init)
    __arm_cp.4_2                             0x0000242c   Number         4  tft180.o(.text.tft180_init)
    __arm_cp.4_3                             0x00002430   Number         4  tft180.o(.text.tft180_init)
    tft180_set_region                        0x00002435   Thumb Code   144  tft180.o(.text.tft180_set_region)
    [Anonymous Symbol]                       0x00002434   Section        0  tft180.o(.text.tft180_set_region)
    [Anonymous Symbol]                       0x000024c4   Section        0  tft180.o(.text.tft180_show_char_color)
    __arm_cp.5_0                             0x0000259c   Number         4  tft180.o(.text.tft180_show_char_color)
    __arm_cp.5_1                             0x000025a0   Number         4  tft180.o(.text.tft180_show_char_color)
    __arm_cp.5_2                             0x000025a4   Number         4  tft180.o(.text.tft180_show_char_color)
    [Anonymous Symbol]                       0x000025a8   Section        0  tft180.o(.text.tft180_show_num_color)
    __arm_cp.8_0                             0x00002660   Number         4  tft180.o(.text.tft180_show_num_color)
    [Anonymous Symbol]                       0x00002664   Section        0  tft180.o(.text.tft180_show_string_color)
    .text_divfast                            0x000026a4   Section      502  aeabi_sdivfast.o(.text_divfast)
    i._feq                                   0x0000289a   Section        0  fcmp.o(i._feq)
    i._fgeq                                  0x000028b0   Section        0  fcmp.o(i._fgeq)
    i._is_digit                              0x000028c6   Section        0  __printf_wp.o(i._is_digit)
    x$fpl$fadd                               0x000028d4   Section      140  faddsub.o(x$fpl$fadd)
    _fadd1                                   0x000028e1   Thumb Code     0  faddsub.o(x$fpl$fadd)
    x$fpl$feqf                               0x00002960   Section       84  feqf.o(x$fpl$feqf)
    x$fpl$fgeqf                              0x000029b4   Section       84  fgef.o(x$fpl$fgeqf)
    x$fpl$fmul                               0x00002a08   Section      176  fmul.o(x$fpl$fmul)
    x$fpl$fsub                               0x00002ab8   Section      208  faddsub.o(x$fpl$fsub)
    _fsub1                                   0x00002ac5   Thumb Code     0  faddsub.o(x$fpl$fsub)
    maptable                                 0x00002b88   Data          17  __printf_flags_ss_wp.o(.constdata)
    .constdata                               0x00002b88   Section       17  __printf_flags_ss_wp.o(.constdata)
    x$fpl$usenofp                            0x00002b88   Section        0  usenofp.o(x$fpl$usenofp)
    ddiv_reciptbl                            0x00002b99   Data         128  ddiv.o(.constdata)
    .constdata                               0x00002b99   Section      128  ddiv.o(.constdata)
    gLDC_CLKClockConfig                      0x00003209   Data           3  ti_msp_dl_config.o(.rodata.gLDC_CLKClockConfig)
    [Anonymous Symbol]                       0x00003209   Section        0  ti_msp_dl_config.o(.rodata.gLDC_CLKClockConfig)
    gLDC_CLKConfig                           0x0000320c   Data           8  ti_msp_dl_config.o(.rodata.gLDC_CLKConfig)
    [Anonymous Symbol]                       0x0000320c   Section        0  ti_msp_dl_config.o(.rodata.gLDC_CLKConfig)
    gSERVOClockConfig                        0x00003214   Data           3  ti_msp_dl_config.o(.rodata.gSERVOClockConfig)
    [Anonymous Symbol]                       0x00003214   Section        0  ti_msp_dl_config.o(.rodata.gSERVOClockConfig)
    gSERVOConfig                             0x00003218   Data           8  ti_msp_dl_config.o(.rodata.gSERVOConfig)
    [Anonymous Symbol]                       0x00003218   Section        0  ti_msp_dl_config.o(.rodata.gSERVOConfig)
    gSPI_LDC_clockConfig                     0x00003220   Data           2  ti_msp_dl_config.o(.rodata.gSPI_LDC_clockConfig)
    [Anonymous Symbol]                       0x00003220   Section        0  ti_msp_dl_config.o(.rodata.gSPI_LDC_clockConfig)
    gSPI_LDC_config                          0x00003222   Data          10  ti_msp_dl_config.o(.rodata.gSPI_LDC_config)
    [Anonymous Symbol]                       0x00003222   Section        0  ti_msp_dl_config.o(.rodata.gSPI_LDC_config)
    gTB6612_PWMClockConfig                   0x0000322c   Data           3  ti_msp_dl_config.o(.rodata.gTB6612_PWMClockConfig)
    [Anonymous Symbol]                       0x0000322c   Section        0  ti_msp_dl_config.o(.rodata.gTB6612_PWMClockConfig)
    gTB6612_PWMConfig                        0x00003230   Data           8  ti_msp_dl_config.o(.rodata.gTB6612_PWMConfig)
    [Anonymous Symbol]                       0x00003230   Section        0  ti_msp_dl_config.o(.rodata.gTB6612_PWMConfig)
    gTFT_SPI_clockConfig                     0x00003238   Data           2  ti_msp_dl_config.o(.rodata.gTFT_SPI_clockConfig)
    [Anonymous Symbol]                       0x00003238   Section        0  ti_msp_dl_config.o(.rodata.gTFT_SPI_clockConfig)
    gTFT_SPI_config                          0x0000323a   Data          10  ti_msp_dl_config.o(.rodata.gTFT_SPI_config)
    [Anonymous Symbol]                       0x0000323a   Section        0  ti_msp_dl_config.o(.rodata.gTFT_SPI_config)
    gTIMER_0ClockConfig                      0x00003244   Data           3  ti_msp_dl_config.o(.rodata.gTIMER_0ClockConfig)
    [Anonymous Symbol]                       0x00003244   Section        0  ti_msp_dl_config.o(.rodata.gTIMER_0ClockConfig)
    gTIMER_0TimerConfig                      0x00003248   Data          20  ti_msp_dl_config.o(.rodata.gTIMER_0TimerConfig)
    [Anonymous Symbol]                       0x00003248   Section        0  ti_msp_dl_config.o(.rodata.gTIMER_0TimerConfig)
    gUART_0ClockConfig                       0x0000325c   Data           2  ti_msp_dl_config.o(.rodata.gUART_0ClockConfig)
    [Anonymous Symbol]                       0x0000325c   Section        0  ti_msp_dl_config.o(.rodata.gUART_0ClockConfig)
    gUART_0Config                            0x0000325e   Data          10  ti_msp_dl_config.o(.rodata.gUART_0Config)
    [Anonymous Symbol]                       0x0000325e   Section        0  ti_msp_dl_config.o(.rodata.gUART_0Config)
    .bss                                     0x20200008   Section       96  libspace.o(.bss)
    Buzzer_Proc.tick                         0x20200068   Data           2  empty.o(.bss.Buzzer_Proc.tick)
    [Anonymous Symbol]                       0x20200068   Section        0  empty.o(.bss.Buzzer_Proc.tick)
    SHOW_Proc.buff                           0x20200074   Data          20  empty.o(.bss.SHOW_Proc.buff)
    [Anonymous Symbol]                       0x20200074   Section        0  empty.o(.bss.SHOW_Proc.buff)
    encoder_l_cnt                            0x202000a4   Data           4  encoder.o(.bss.encoder_l_cnt)
    [Anonymous Symbol]                       0x202000a4   Section        0  encoder.o(.bss.encoder_l_cnt)
    encoder_r_cnt                            0x202000a8   Data           4  encoder.o(.bss.encoder_r_cnt)
    [Anonymous Symbol]                       0x202000a8   Section        0  encoder.o(.bss.encoder_r_cnt)
    Heap_Mem                                 0x20200258   Data           0  startup_mspm0g350x_uvision.o(HEAP)
    Stack_Mem                                0x20200258   Data         256  startup_mspm0g350x_uvision.o(STACK)
    HEAP                                     0x20200258   Section        0  startup_mspm0g350x_uvision.o(HEAP)
    STACK                                    0x20200258   Section      256  startup_mspm0g350x_uvision.o(STACK)
    __initial_sp                             0x20200358   Data           0  startup_mspm0g350x_uvision.o(STACK)

    Global Symbols

    Symbol Name                              Value     Ov Type        Size  Object(Section)

    BuildAttributes$$THM_ISAv3M$S$PE$A:L22$X:L11$S22$IEEE1$IW$~IW$USESV6$~STKCKD$USESV7$~SHL$OTIME$ROPI$IEEEJ$EBA8$UX$STANDARDLIB$REQ8$PRES8$EABIv2 0x00000000   Number         0  anon$$obj.o ABSOLUTE
    __Vectors                                0x00000000   Data           4  startup_mspm0g350x_uvision.o(RESET)
    _printf_flags                            0x00000000   Number         0  printf_stubs.o ABSOLUTE
    _printf_return_value                     0x00000000   Number         0  printf_stubs.o ABSOLUTE
    _printf_sizespec                         0x00000000   Number         0  printf_stubs.o ABSOLUTE
    _printf_widthprec                        0x00000000   Number         0  printf_stubs.o ABSOLUTE
    __ARM_exceptions_init                     - Undefined Weak Reference
    __alloca_initialize                       - Undefined Weak Reference
    __arm_preinit_                            - Undefined Weak Reference
    __arm_relocate_pie_                       - Undefined Weak Reference
    __cpp_initialize__aeabi_                  - Undefined Weak Reference
    __cxa_finalize                            - Undefined Weak Reference
    __sigvec_lookup                           - Undefined Weak Reference
    _atexit_init                              - Undefined Weak Reference
    _call_atexit_fns                          - Undefined Weak Reference
    _clock_init                               - Undefined Weak Reference
    _fp_trap_init                             - Undefined Weak Reference
    _fp_trap_shutdown                         - Undefined Weak Reference
    _get_lc_collate                           - Undefined Weak Reference
    _get_lc_monetary                          - Undefined Weak Reference
    _get_lc_time                              - Undefined Weak Reference
    _getenv_init                              - Undefined Weak Reference
    _handle_redirection                       - Undefined Weak Reference
    _init_alloc                               - Undefined Weak Reference
    _init_user_alloc                          - Undefined Weak Reference
    _initio                                   - Undefined Weak Reference
    _printf_mbtowc                            - Undefined Weak Reference
    _printf_wc                                - Undefined Weak Reference
    _rand_init                                - Undefined Weak Reference
    _signal_finish                            - Undefined Weak Reference
    _signal_init                              - Undefined Weak Reference
    _terminate_alloc                          - Undefined Weak Reference
    _terminate_user_alloc                     - Undefined Weak Reference
    _terminateio                              - Undefined Weak Reference
    __Vectors_End                            0x000000c0   Data           0  startup_mspm0g350x_uvision.o(RESET)
    __Vectors_Size                           0x000000c0   Number         0  startup_mspm0g350x_uvision.o ABSOLUTE
    __main                                   0x000000c1   Thumb Code     8  __main.o(!!!main)
    __scatterload                            0x000000c9   Thumb Code     0  __scatter.o(!!!scatter)
    __scatterload_rt2                        0x000000c9   Thumb Code    52  __scatter.o(!!!scatter)
    __scatterload_rt2_thumb_only             0x000000c9   Thumb Code     0  __scatter.o(!!!scatter)
    __scatterload_null                       0x000000d9   Thumb Code     0  __scatter.o(!!!scatter)
    __scatterload_copy                       0x00000109   Thumb Code    26  __scatter_copy.o(!!handler_copy)
    __scatterload_zeroinit                   0x00000129   Thumb Code    28  __scatter_zi.o(!!handler_zi)
    _printf_percent                          0x00000145   Thumb Code     0  _printf_percent.o(.ARM.Collect$$_printf_percent$$00000000)
    _printf_d                                0x00000147   Thumb Code     0  _printf_d.o(.ARM.Collect$$_printf_percent$$00000009)
    _printf_percent_end                      0x00000151   Thumb Code     0  _printf_percent_end.o(.ARM.Collect$$_printf_percent$$00000017)
    __rt_lib_init                            0x00000155   Thumb Code     0  libinit.o(.ARM.Collect$$libinit$$00000000)
    __rt_lib_init_alloca_1                   0x00000157   Thumb Code     0  libinit2.o(.ARM.Collect$$libinit$$00000030)
    __rt_lib_init_argv_1                     0x00000157   Thumb Code     0  libinit2.o(.ARM.Collect$$libinit$$0000002E)
    __rt_lib_init_atexit_1                   0x00000157   Thumb Code     0  libinit2.o(.ARM.Collect$$libinit$$0000001D)
    __rt_lib_init_clock_1                    0x00000157   Thumb Code     0  libinit2.o(.ARM.Collect$$libinit$$00000023)
    __rt_lib_init_cpp_1                      0x00000157   Thumb Code     0  libinit2.o(.ARM.Collect$$libinit$$00000034)
    __rt_lib_init_exceptions_1               0x00000157   Thumb Code     0  libinit2.o(.ARM.Collect$$libinit$$00000032)
    __rt_lib_init_fp_1                       0x00000157   Thumb Code     0  libinit2.o(.ARM.Collect$$libinit$$00000002)
    __rt_lib_init_fp_trap_1                  0x00000157   Thumb Code     0  libinit2.o(.ARM.Collect$$libinit$$00000021)
    __rt_lib_init_getenv_1                   0x00000157   Thumb Code     0  libinit2.o(.ARM.Collect$$libinit$$00000025)
    __rt_lib_init_heap_1                     0x00000157   Thumb Code     0  libinit2.o(.ARM.Collect$$libinit$$0000000C)
    __rt_lib_init_lc_collate_1               0x00000157   Thumb Code     0  libinit2.o(.ARM.Collect$$libinit$$00000013)
    __rt_lib_init_lc_ctype_1                 0x00000157   Thumb Code     0  libinit2.o(.ARM.Collect$$libinit$$00000015)
    __rt_lib_init_lc_monetary_1              0x00000157   Thumb Code     0  libinit2.o(.ARM.Collect$$libinit$$00000017)
    __rt_lib_init_lc_numeric_1               0x00000157   Thumb Code     0  libinit2.o(.ARM.Collect$$libinit$$00000019)
    __rt_lib_init_lc_time_1                  0x00000157   Thumb Code     0  libinit2.o(.ARM.Collect$$libinit$$0000001B)
    __rt_lib_init_preinit_1                  0x00000157   Thumb Code     0  libinit2.o(.ARM.Collect$$libinit$$00000006)
    __rt_lib_init_rand_1                     0x00000157   Thumb Code     0  libinit2.o(.ARM.Collect$$libinit$$00000010)
    __rt_lib_init_relocate_pie_1             0x00000157   Thumb Code     0  libinit2.o(.ARM.Collect$$libinit$$00000004)
    __rt_lib_init_return                     0x00000157   Thumb Code     0  libinit2.o(.ARM.Collect$$libinit$$00000035)
    __rt_lib_init_signal_1                   0x00000157   Thumb Code     0  libinit2.o(.ARM.Collect$$libinit$$0000001F)
    __rt_lib_init_stdio_1                    0x00000157   Thumb Code     0  libinit2.o(.ARM.Collect$$libinit$$00000027)
    __rt_lib_init_user_alloc_1               0x00000157   Thumb Code     0  libinit2.o(.ARM.Collect$$libinit$$0000000E)
    __rt_lib_shutdown                        0x00000159   Thumb Code     0  libshutdown.o(.ARM.Collect$$libshutdown$$00000000)
    __rt_lib_shutdown_cpp_1                  0x0000015b   Thumb Code     0  libshutdown2.o(.ARM.Collect$$libshutdown$$00000002)
    __rt_lib_shutdown_fp_trap_1              0x0000015b   Thumb Code     0  libshutdown2.o(.ARM.Collect$$libshutdown$$00000007)
    __rt_lib_shutdown_heap_1                 0x0000015b   Thumb Code     0  libshutdown2.o(.ARM.Collect$$libshutdown$$0000000F)
    __rt_lib_shutdown_return                 0x0000015b   Thumb Code     0  libshutdown2.o(.ARM.Collect$$libshutdown$$00000010)
    __rt_lib_shutdown_signal_1               0x0000015b   Thumb Code     0  libshutdown2.o(.ARM.Collect$$libshutdown$$0000000A)
    __rt_lib_shutdown_stdio_1                0x0000015b   Thumb Code     0  libshutdown2.o(.ARM.Collect$$libshutdown$$00000004)
    __rt_lib_shutdown_user_alloc_1           0x0000015b   Thumb Code     0  libshutdown2.o(.ARM.Collect$$libshutdown$$0000000C)
    __rt_entry                               0x0000015d   Thumb Code     0  __rtentry.o(.ARM.Collect$$rtentry$$00000000)
    __rt_entry_presh_1                       0x0000015d   Thumb Code     0  __rtentry2.o(.ARM.Collect$$rtentry$$00000002)
    __rt_entry_sh                            0x0000015d   Thumb Code     0  __rtentry4.o(.ARM.Collect$$rtentry$$00000004)
    __rt_entry_li                            0x00000163   Thumb Code     0  __rtentry2.o(.ARM.Collect$$rtentry$$0000000A)
    __rt_entry_postsh_1                      0x00000163   Thumb Code     0  __rtentry2.o(.ARM.Collect$$rtentry$$00000009)
    __rt_entry_main                          0x00000167   Thumb Code     0  __rtentry2.o(.ARM.Collect$$rtentry$$0000000D)
    __rt_entry_postli_1                      0x00000167   Thumb Code     0  __rtentry2.o(.ARM.Collect$$rtentry$$0000000C)
    __rt_exit                                0x0000016f   Thumb Code     0  rtexit.o(.ARM.Collect$$rtexit$$00000000)
    __rt_exit_ls                             0x00000171   Thumb Code     0  rtexit2.o(.ARM.Collect$$rtexit$$00000003)
    __rt_exit_prels_1                        0x00000171   Thumb Code     0  rtexit2.o(.ARM.Collect$$rtexit$$00000002)
    __rt_exit_exit                           0x00000175   Thumb Code     0  rtexit2.o(.ARM.Collect$$rtexit$$00000004)
    Reset_Handler                            0x0000017d   Thumb Code     4  startup_mspm0g350x_uvision.o(.text)
    NMI_Handler                              0x00000181   Thumb Code     2  startup_mspm0g350x_uvision.o(.text)
    HardFault_Handler                        0x00000183   Thumb Code     2  startup_mspm0g350x_uvision.o(.text)
    SVC_Handler                              0x00000185   Thumb Code     2  startup_mspm0g350x_uvision.o(.text)
    PendSV_Handler                           0x00000187   Thumb Code     2  startup_mspm0g350x_uvision.o(.text)
    ADC0_IRQHandler                          0x0000018b   Thumb Code     0  startup_mspm0g350x_uvision.o(.text)
    ADC1_IRQHandler                          0x0000018b   Thumb Code     0  startup_mspm0g350x_uvision.o(.text)
    AES_IRQHandler                           0x0000018b   Thumb Code     0  startup_mspm0g350x_uvision.o(.text)
    CANFD0_IRQHandler                        0x0000018b   Thumb Code     0  startup_mspm0g350x_uvision.o(.text)
    DAC0_IRQHandler                          0x0000018b   Thumb Code     0  startup_mspm0g350x_uvision.o(.text)
    DMA_IRQHandler                           0x0000018b   Thumb Code     0  startup_mspm0g350x_uvision.o(.text)
    Default_Handler                          0x0000018b   Thumb Code     2  startup_mspm0g350x_uvision.o(.text)
    GROUP0_IRQHandler                        0x0000018b   Thumb Code     0  startup_mspm0g350x_uvision.o(.text)
    I2C0_IRQHandler                          0x0000018b   Thumb Code     0  startup_mspm0g350x_uvision.o(.text)
    I2C1_IRQHandler                          0x0000018b   Thumb Code     0  startup_mspm0g350x_uvision.o(.text)
    RTC_IRQHandler                           0x0000018b   Thumb Code     0  startup_mspm0g350x_uvision.o(.text)
    SPI0_IRQHandler                          0x0000018b   Thumb Code     0  startup_mspm0g350x_uvision.o(.text)
    SPI1_IRQHandler                          0x0000018b   Thumb Code     0  startup_mspm0g350x_uvision.o(.text)
    TIMA0_IRQHandler                         0x0000018b   Thumb Code     0  startup_mspm0g350x_uvision.o(.text)
    TIMA1_IRQHandler                         0x0000018b   Thumb Code     0  startup_mspm0g350x_uvision.o(.text)
    TIMG0_IRQHandler                         0x0000018b   Thumb Code     0  startup_mspm0g350x_uvision.o(.text)
    TIMG12_IRQHandler                        0x0000018b   Thumb Code     0  startup_mspm0g350x_uvision.o(.text)
    TIMG6_IRQHandler                         0x0000018b   Thumb Code     0  startup_mspm0g350x_uvision.o(.text)
    TIMG7_IRQHandler                         0x0000018b   Thumb Code     0  startup_mspm0g350x_uvision.o(.text)
    TIMG8_IRQHandler                         0x0000018b   Thumb Code     0  startup_mspm0g350x_uvision.o(.text)
    UART0_IRQHandler                         0x0000018b   Thumb Code     0  startup_mspm0g350x_uvision.o(.text)
    UART1_IRQHandler                         0x0000018b   Thumb Code     0  startup_mspm0g350x_uvision.o(.text)
    UART2_IRQHandler                         0x0000018b   Thumb Code     0  startup_mspm0g350x_uvision.o(.text)
    UART3_IRQHandler                         0x0000018b   Thumb Code     0  startup_mspm0g350x_uvision.o(.text)
    __user_initial_stackheap                 0x0000018d   Thumb Code    10  startup_mspm0g350x_uvision.o(.text)
    __2sprintf                               0x000001a9   Thumb Code    40  __2sprintf.o(.text)
    _printf_pre_padding                      0x000001d5   Thumb Code    44  _printf_pad.o(.text)
    _printf_post_padding                     0x00000201   Thumb Code    34  _printf_pad.o(.text)
    _printf_int_dec                          0x00000225   Thumb Code    90  _printf_dec.o(.text)
    __printf                                 0x00000291   Thumb Code   386  __printf_flags_ss_wp.o(.text)
    _memset_w                                0x00000419   Thumb Code    26  rt_memclr.o(.text)
    _memset                                  0x00000433   Thumb Code    30  rt_memclr.o(.text)
    __aeabi_memclr                           0x00000451   Thumb Code     4  rt_memclr.o(.text)
    __rt_memclr                              0x00000451   Thumb Code     0  rt_memclr.o(.text)
    __aeabi_memclr4                          0x00000455   Thumb Code     0  rt_memclr.o(.text)
    __aeabi_memclr8                          0x00000455   Thumb Code     0  rt_memclr.o(.text)
    __rt_memclr_w                            0x00000455   Thumb Code     4  rt_memclr.o(.text)
    __aeabi_uidivmod                         0x00000459   Thumb Code    28  aeabi_sdivfast.o(.text)
    __aeabi_idivmod                          0x00000475   Thumb Code   472  aeabi_sdivfast.o(.text)
    __use_two_region_memory                  0x00000651   Thumb Code     2  heapauxi.o(.text)
    __rt_heap_escrow$2region                 0x00000653   Thumb Code     2  heapauxi.o(.text)
    __rt_heap_expand$2region                 0x00000655   Thumb Code     2  heapauxi.o(.text)
    __aeabi_ddiv                             0x00000659   Thumb Code     0  ddiv.o(.text)
    _ddiv                                    0x00000659   Thumb Code  1072  ddiv.o(.text)
    _drdiv                                   0x00000a89   Thumb Code    20  ddiv.o(.text)
    __aeabi_d2iz                             0x00000aa1   Thumb Code     0  dfixi.o(.text)
    _dfix                                    0x00000aa1   Thumb Code    98  dfixi.o(.text)
    __aeabi_i2d_normalise                    0x00000b0d   Thumb Code    66  dflti.o(.text)
    __aeabi_i2d                              0x00000b4f   Thumb Code    16  dflti.o(.text)
    _dflt                                    0x00000b4f   Thumb Code     0  dflti.o(.text)
    __aeabi_ui2d                             0x00000b5f   Thumb Code     6  dflti.o(.text)
    _dfltu                                   0x00000b5f   Thumb Code     0  dflti.o(.text)
    __aeabi_dmul                             0x00000b65   Thumb Code     0  dmul.o(.text)
    _dmul                                    0x00000b65   Thumb Code   558  dmul.o(.text)
    __aeabi_f2iz                             0x00000dad   Thumb Code     0  ffixi.o(.text)
    _ffix                                    0x00000dad   Thumb Code    76  ffixi.o(.text)
    __aeabi_i2f_normalise                    0x00000df9   Thumb Code    72  fflti.o(.text)
    __aeabi_i2f                              0x00000e41   Thumb Code    16  fflti.o(.text)
    _fflt                                    0x00000e41   Thumb Code     0  fflti.o(.text)
    __aeabi_ui2f                             0x00000e51   Thumb Code     6  fflti.o(.text)
    _ffltu                                   0x00000e51   Thumb Code     0  fflti.o(.text)
    _printf_int_common                       0x00000e57   Thumb Code   176  _printf_intcommon.o(.text)
    _printf_char_common                      0x00000f13   Thumb Code    32  _printf_char_common.o(.text)
    _sputc                                   0x00000f39   Thumb Code    10  _sputc.o(.text)
    __rt_udiv10                              0x00000f43   Thumb Code    40  rtudiv10.o(.text)
    __fpl_fcmp_InfNaN                        0x00000f6d   Thumb Code    96  fcmpin.o(.text)
    __user_setup_stackheap                   0x00000fd1   Thumb Code    62  sys_stackheap_outer.o(.text)
    exit                                     0x0000100f   Thumb Code    16  exit.o(.text)
    __fpl_cmpreturn                          0x0000101f   Thumb Code    46  cmpret.o(.text)
    __fpl_fcheck_NaN2                        0x0000104d   Thumb Code    10  fnan2.o(.text)
    __user_libspace                          0x0000105d   Thumb Code     8  libspace.o(.text)
    __user_perproc_libspace                  0x0000105d   Thumb Code     0  libspace.o(.text)
    __user_perthread_libspace                0x0000105d   Thumb Code     0  libspace.o(.text)
    __fpl_return_NaN                         0x00001065   Thumb Code    94  retnan.o(.text)
    _sys_exit                                0x000010c5   Thumb Code     8  sys_exit.o(.text)
    __I$use$semihosting                      0x000010d1   Thumb Code     0  use_no_semi.o(.text)
    __use_no_semihosting_swi                 0x000010d1   Thumb Code     2  use_no_semi.o(.text)
    DL_Common_delayCycles                    0x000010d3   Thumb Code    10  dl_common.o(.text.DL_Common_delayCycles)
    __semihosting_library_function           0x000010d3   Thumb Code     0  indicate_semi.o(.text)
    DL_SPI_init                              0x000010dd   Thumb Code    60  dl_spi.o(.text.DL_SPI_init)
    DL_SPI_setClockConfig                    0x00001121   Thumb Code    18  dl_spi.o(.text.DL_SPI_setClockConfig)
    DL_Timer_initFourCCPWMMode               0x00001135   Thumb Code   244  dl_timer.o(.text.DL_Timer_initFourCCPWMMode)
    DL_Timer_initTimerMode                   0x0000123d   Thumb Code   220  dl_timer.o(.text.DL_Timer_initTimerMode)
    DL_Timer_setCaptCompUpdateMethod         0x00001325   Thumb Code    24  dl_timer.o(.text.DL_Timer_setCaptCompUpdateMethod)
    DL_Timer_setCaptureCompareOutCtl         0x00001341   Thumb Code    20  dl_timer.o(.text.DL_Timer_setCaptureCompareOutCtl)
    DL_Timer_setCaptureCompareValue          0x00001359   Thumb Code    12  dl_timer.o(.text.DL_Timer_setCaptureCompareValue)
    DL_Timer_setClockConfig                  0x00001369   Thumb Code    24  dl_timer.o(.text.DL_Timer_setClockConfig)
    DL_UART_init                             0x00001385   Thumb Code    64  dl_uart.o(.text.DL_UART_init)
    DL_UART_setClockConfig                   0x000013cd   Thumb Code    18  dl_uart.o(.text.DL_UART_setClockConfig)
    GROUP1_IRQHandler                        0x000013e1   Thumb Code   308  encoder.o(.text.GROUP1_IRQHandler)
    LDC1000_Init                             0x0000151d   Thumb Code   444  ldc1000.o(.text.LDC1000_Init)
    LDC1000_ReadData                         0x000016d9   Thumb Code   128  ldc1000.o(.text.LDC1000_ReadData)
    Motor_Init                               0x00001769   Thumb Code     8  encoder.o(.text.Motor_Init)
    Motor_get_distance                       0x00001775   Thumb Code    16  encoder.o(.text.Motor_get_distance)
    SHOW_Proc                                0x0000178d   Thumb Code   180  empty.o(.text.SHOW_Proc)
    SYSCFG_DL_GPIO_init                      0x000018a5   Thumb Code   172  ti_msp_dl_config.o(.text.SYSCFG_DL_GPIO_init)
    SYSCFG_DL_LDC_CLK_init                   0x00001985   Thumb Code    72  ti_msp_dl_config.o(.text.SYSCFG_DL_LDC_CLK_init)
    SYSCFG_DL_SERVO_init                     0x000019dd   Thumb Code    72  ti_msp_dl_config.o(.text.SYSCFG_DL_SERVO_init)
    SYSCFG_DL_SPI_LDC_init                   0x00001a35   Thumb Code    56  ti_msp_dl_config.o(.text.SYSCFG_DL_SPI_LDC_init)
    SYSCFG_DL_SYSCTL_init                    0x00001a7d   Thumb Code    52  ti_msp_dl_config.o(.text.SYSCFG_DL_SYSCTL_init)
    SYSCFG_DL_SYSTICK_init                   0x00001abd   Thumb Code    36  ti_msp_dl_config.o(.text.SYSCFG_DL_SYSTICK_init)
    SYSCFG_DL_TB6612_PWM_init                0x00001aed   Thumb Code   108  ti_msp_dl_config.o(.text.SYSCFG_DL_TB6612_PWM_init)
    SYSCFG_DL_TFT_SPI_init                   0x00001b65   Thumb Code    56  ti_msp_dl_config.o(.text.SYSCFG_DL_TFT_SPI_init)
    SYSCFG_DL_TIMER_0_init                   0x00001bb1   Thumb Code    52  ti_msp_dl_config.o(.text.SYSCFG_DL_TIMER_0_init)
    SYSCFG_DL_UART_0_init                    0x00001bfd   Thumb Code    76  ti_msp_dl_config.o(.text.SYSCFG_DL_UART_0_init)
    SYSCFG_DL_init                           0x00001c5d   Thumb Code    72  ti_msp_dl_config.o(.text.SYSCFG_DL_init)
    SYSCFG_DL_initPower                      0x00001cb5   Thumb Code    80  ti_msp_dl_config.o(.text.SYSCFG_DL_initPower)
    Servo_set_angle                          0x00001d31   Thumb Code    28  servo.o(.text.Servo_set_angle)
    SysTick_Handler                          0x00001d51   Thumb Code    76  empty.o(.text.SysTick_Handler)
    TB6612_SetLeftSpeed                      0x00001da9   Thumb Code    36  bsp_tb6612.o(.text.TB6612_SetLeftSpeed)
    TB6612_SetRightSpeed                     0x00001dcd   Thumb Code    36  bsp_tb6612.o(.text.TB6612_SetRightSpeed)
    func_float_to_str                        0x00001df9   Thumb Code   284  tft180.o(.text.func_float_to_str)
    main                                     0x00001f19   Thumb Code   208  empty.o(.text.main)
    tft180_init                              0x00002029   Thumb Code  1020  tft180.o(.text.tft180_init)
    tft180_show_char_color                   0x000024c5   Thumb Code   216  tft180.o(.text.tft180_show_char_color)
    tft180_show_num_color                    0x000025a9   Thumb Code   184  tft180.o(.text.tft180_show_num_color)
    tft180_show_string_color                 0x00002665   Thumb Code    64  tft180.o(.text.tft180_show_string_color)
    __aeabi_uidiv                            0x000026a5   Thumb Code    68  aeabi_sdivfast.o(.text_divfast)
    __aeabi_idiv                             0x000026e9   Thumb Code   434  aeabi_sdivfast.o(.text_divfast)
    __aeabi_fcmpeq                           0x0000289b   Thumb Code     0  fcmp.o(i._feq)
    _feq                                     0x0000289b   Thumb Code    22  fcmp.o(i._feq)
    __aeabi_fcmpge                           0x000028b1   Thumb Code     0  fcmp.o(i._fgeq)
    _fgeq                                    0x000028b1   Thumb Code    22  fcmp.o(i._fgeq)
    _is_digit                                0x000028c7   Thumb Code    14  __printf_wp.o(i._is_digit)
    __aeabi_fadd                             0x000028d5   Thumb Code     0  faddsub.o(x$fpl$fadd)
    _fadd                                    0x000028d5   Thumb Code   134  faddsub.o(x$fpl$fadd)
    __aeabi_cfcmpeq                          0x00002961   Thumb Code     0  feqf.o(x$fpl$feqf)
    _fcmpeq                                  0x00002961   Thumb Code    78  feqf.o(x$fpl$feqf)
    _fcmpge                                  0x000029b5   Thumb Code    78  fgef.o(x$fpl$fgeqf)
    __aeabi_fmul                             0x00002a09   Thumb Code     0  fmul.o(x$fpl$fmul)
    _fmul                                    0x00002a09   Thumb Code   172  fmul.o(x$fpl$fmul)
    __aeabi_fsub                             0x00002ab9   Thumb Code     0  faddsub.o(x$fpl$fsub)
    _fsub                                    0x00002ab9   Thumb Code   204  faddsub.o(x$fpl$fsub)
    __I$use$fp                               0x00002b88   Number         0  usenofp.o(x$fpl$usenofp)
    ascii_font_8x16                          0x00002c19   Data        1520  tft180.o(.rodata.ascii_font_8x16)
    Region$$Table$$Base                      0x00003268   Number         0  anon$$obj.o(Region$$Table)
    Region$$Table$$Limit                     0x00003288   Number         0  anon$$obj.o(Region$$Table)
    angle                                    0x20200000   Data           2  empty.o(.data.angle)
    __libspace_start                         0x20200008   Data          96  libspace.o(.bss)
    __temporary_stack_top$libspace           0x20200068   Data           0  libspace.o(.bss)
    FrequencyData                            0x2020006c   Data           4  ldc1000.o(.bss.FrequencyData)
    ProximityData                            0x20200070   Data           4  ldc1000.o(.bss.ProximityData)
    cnt_min                                  0x20200088   Data           1  empty.o(.bss.cnt_min)
    cnt_ms                                   0x2020008c   Data           4  empty.o(.bss.cnt_ms)
    cnt_s                                    0x20200090   Data           4  empty.o(.bss.cnt_s)
    cnt_sec                                  0x20200094   Data           1  empty.o(.bss.cnt_sec)
    dis_cm                                   0x20200098   Data           4  empty.o(.bss.dis_cm)
    dis_m                                    0x2020009c   Data           4  empty.o(.bss.dis_m)
    distance                                 0x202000a0   Data           4  empty.o(.bss.distance)
    gLDC_CLKBackup                           0x202000ac   Data         160  ti_msp_dl_config.o(.bss.gLDC_CLKBackup)
    gSPI_LDCBackup                           0x2020014c   Data          40  ti_msp_dl_config.o(.bss.gSPI_LDCBackup)
    gTB6612_PWMBackup                        0x20200174   Data         188  ti_msp_dl_config.o(.bss.gTB6612_PWMBackup)
    gTFT_SPIBackup                           0x20200230   Data          40  ti_msp_dl_config.o(.bss.gTFT_SPIBackup)



==============================================================================

Memory Map of the image

  Image Entry point : 0x000000c1

  Load Region LR_IROM1 (Base: 0x00000000, Size: 0x00003290, Max: 0x00020000, ABSOLUTE)

    Execution Region ER_IROM1 (Exec base: 0x00000000, Load base: 0x00000000, Size: 0x00003288, Max: 0x00020000, ABSOLUTE)

    Exec Addr    Load Addr    Size         Type   Attr      Idx    E Section Name        Object

    0x00000000   0x00000000   0x000000c0   Data   RO           37    RESET               startup_mspm0g350x_uvision.o
    0x000000c0   0x000000c0   0x00000008   Code   RO         1012  * !!!main             c_p.l(__main.o)
    0x000000c8   0x000000c8   0x0000003c   Code   RO         1363    !!!scatter          c_p.l(__scatter.o)
    0x00000104   0x00000104   0x00000004   PAD
    0x00000108   0x00000108   0x0000001a   Code   RO         1365    !!handler_copy      c_p.l(__scatter_copy.o)
    0x00000122   0x00000122   0x00000006   PAD
    0x00000128   0x00000128   0x0000001c   Code   RO         1367    !!handler_zi        c_p.l(__scatter_zi.o)
    0x00000144   0x00000144   0x00000002   Code   RO          993    .ARM.Collect$$_printf_percent$$00000000  c_p.l(_printf_percent.o)
    0x00000146   0x00000146   0x0000000a   Code   RO          992    .ARM.Collect$$_printf_percent$$00000009  c_p.l(_printf_d.o)
    0x00000150   0x00000150   0x00000004   Code   RO         1109    .ARM.Collect$$_printf_percent$$00000017  c_p.l(_printf_percent_end.o)
    0x00000154   0x00000154   0x00000002   Code   RO         1205    .ARM.Collect$$libinit$$00000000  c_p.l(libinit.o)
    0x00000156   0x00000156   0x00000000   Code   RO         1234    .ARM.Collect$$libinit$$00000002  c_p.l(libinit2.o)
    0x00000156   0x00000156   0x00000000   Code   RO         1236    .ARM.Collect$$libinit$$00000004  c_p.l(libinit2.o)
    0x00000156   0x00000156   0x00000000   Code   RO         1238    .ARM.Collect$$libinit$$00000006  c_p.l(libinit2.o)
    0x00000156   0x00000156   0x00000000   Code   RO         1241    .ARM.Collect$$libinit$$0000000C  c_p.l(libinit2.o)
    0x00000156   0x00000156   0x00000000   Code   RO         1243    .ARM.Collect$$libinit$$0000000E  c_p.l(libinit2.o)
    0x00000156   0x00000156   0x00000000   Code   RO         1245    .ARM.Collect$$libinit$$00000010  c_p.l(libinit2.o)
    0x00000156   0x00000156   0x00000000   Code   RO         1248    .ARM.Collect$$libinit$$00000013  c_p.l(libinit2.o)
    0x00000156   0x00000156   0x00000000   Code   RO         1250    .ARM.Collect$$libinit$$00000015  c_p.l(libinit2.o)
    0x00000156   0x00000156   0x00000000   Code   RO         1252    .ARM.Collect$$libinit$$00000017  c_p.l(libinit2.o)
    0x00000156   0x00000156   0x00000000   Code   RO         1254    .ARM.Collect$$libinit$$00000019  c_p.l(libinit2.o)
    0x00000156   0x00000156   0x00000000   Code   RO         1256    .ARM.Collect$$libinit$$0000001B  c_p.l(libinit2.o)
    0x00000156   0x00000156   0x00000000   Code   RO         1258    .ARM.Collect$$libinit$$0000001D  c_p.l(libinit2.o)
    0x00000156   0x00000156   0x00000000   Code   RO         1260    .ARM.Collect$$libinit$$0000001F  c_p.l(libinit2.o)
    0x00000156   0x00000156   0x00000000   Code   RO         1262    .ARM.Collect$$libinit$$00000021  c_p.l(libinit2.o)
    0x00000156   0x00000156   0x00000000   Code   RO         1264    .ARM.Collect$$libinit$$00000023  c_p.l(libinit2.o)
    0x00000156   0x00000156   0x00000000   Code   RO         1266    .ARM.Collect$$libinit$$00000025  c_p.l(libinit2.o)
    0x00000156   0x00000156   0x00000000   Code   RO         1268    .ARM.Collect$$libinit$$00000027  c_p.l(libinit2.o)
    0x00000156   0x00000156   0x00000000   Code   RO         1272    .ARM.Collect$$libinit$$0000002E  c_p.l(libinit2.o)
    0x00000156   0x00000156   0x00000000   Code   RO         1274    .ARM.Collect$$libinit$$00000030  c_p.l(libinit2.o)
    0x00000156   0x00000156   0x00000000   Code   RO         1276    .ARM.Collect$$libinit$$00000032  c_p.l(libinit2.o)
    0x00000156   0x00000156   0x00000000   Code   RO         1278    .ARM.Collect$$libinit$$00000034  c_p.l(libinit2.o)
    0x00000156   0x00000156   0x00000002   Code   RO         1279    .ARM.Collect$$libinit$$00000035  c_p.l(libinit2.o)
    0x00000158   0x00000158   0x00000002   Code   RO         1318    .ARM.Collect$$libshutdown$$00000000  c_p.l(libshutdown.o)
    0x0000015a   0x0000015a   0x00000000   Code   RO         1346    .ARM.Collect$$libshutdown$$00000002  c_p.l(libshutdown2.o)
    0x0000015a   0x0000015a   0x00000000   Code   RO         1348    .ARM.Collect$$libshutdown$$00000004  c_p.l(libshutdown2.o)
    0x0000015a   0x0000015a   0x00000000   Code   RO         1351    .ARM.Collect$$libshutdown$$00000007  c_p.l(libshutdown2.o)
    0x0000015a   0x0000015a   0x00000000   Code   RO         1354    .ARM.Collect$$libshutdown$$0000000A  c_p.l(libshutdown2.o)
    0x0000015a   0x0000015a   0x00000000   Code   RO         1356    .ARM.Collect$$libshutdown$$0000000C  c_p.l(libshutdown2.o)
    0x0000015a   0x0000015a   0x00000000   Code   RO         1359    .ARM.Collect$$libshutdown$$0000000F  c_p.l(libshutdown2.o)
    0x0000015a   0x0000015a   0x00000002   Code   RO         1360    .ARM.Collect$$libshutdown$$00000010  c_p.l(libshutdown2.o)
    0x0000015c   0x0000015c   0x00000000   Code   RO         1047    .ARM.Collect$$rtentry$$00000000  c_p.l(__rtentry.o)
    0x0000015c   0x0000015c   0x00000000   Code   RO         1137    .ARM.Collect$$rtentry$$00000002  c_p.l(__rtentry2.o)
    0x0000015c   0x0000015c   0x00000006   Code   RO         1149    .ARM.Collect$$rtentry$$00000004  c_p.l(__rtentry4.o)
    0x00000162   0x00000162   0x00000000   Code   RO         1139    .ARM.Collect$$rtentry$$00000009  c_p.l(__rtentry2.o)
    0x00000162   0x00000162   0x00000004   Code   RO         1140    .ARM.Collect$$rtentry$$0000000A  c_p.l(__rtentry2.o)
    0x00000166   0x00000166   0x00000000   Code   RO         1142    .ARM.Collect$$rtentry$$0000000C  c_p.l(__rtentry2.o)
    0x00000166   0x00000166   0x00000008   Code   RO         1143    .ARM.Collect$$rtentry$$0000000D  c_p.l(__rtentry2.o)
    0x0000016e   0x0000016e   0x00000002   Code   RO         1218    .ARM.Collect$$rtexit$$00000000  c_p.l(rtexit.o)
    0x00000170   0x00000170   0x00000000   Code   RO         1287    .ARM.Collect$$rtexit$$00000002  c_p.l(rtexit2.o)
    0x00000170   0x00000170   0x00000004   Code   RO         1288    .ARM.Collect$$rtexit$$00000003  c_p.l(rtexit2.o)
    0x00000174   0x00000174   0x00000006   Code   RO         1289    .ARM.Collect$$rtexit$$00000004  c_p.l(rtexit2.o)
    0x0000017a   0x0000017a   0x00000002   PAD
    0x0000017c   0x0000017c   0x0000002c   Code   RO           38    .text               startup_mspm0g350x_uvision.o
    0x000001a8   0x000001a8   0x0000002c   Code   RO          959    .text               c_p.l(__2sprintf.o)
    0x000001d4   0x000001d4   0x0000004e   Code   RO          965    .text               c_p.l(_printf_pad.o)
    0x00000222   0x00000222   0x00000002   PAD
    0x00000224   0x00000224   0x0000006c   Code   RO          969    .text               c_p.l(_printf_dec.o)
    0x00000290   0x00000290   0x00000188   Code   RO          988    .text               c_p.l(__printf_flags_ss_wp.o)
    0x00000418   0x00000418   0x00000040   Code   RO         1000    .text               c_p.l(rt_memclr.o)
    0x00000458   0x00000458   0x000001f8   Code   RO         1002    .text               c_p.l(aeabi_sdivfast.o)
    0x00000650   0x00000650   0x00000006   Code   RO         1010    .text               c_p.l(heapauxi.o)
    0x00000656   0x00000656   0x00000002   PAD
    0x00000658   0x00000658   0x00000448   Code   RO         1014    .text               fz_ps.l(ddiv.o)
    0x00000aa0   0x00000aa0   0x0000006c   Code   RO         1017    .text               fz_ps.l(dfixi.o)
    0x00000b0c   0x00000b0c   0x00000058   Code   RO         1019    .text               fz_ps.l(dflti.o)
    0x00000b64   0x00000b64   0x00000248   Code   RO         1021    .text               fz_ps.l(dmul.o)
    0x00000dac   0x00000dac   0x0000004c   Code   RO         1041    .text               fz_ps.l(ffixi.o)
    0x00000df8   0x00000df8   0x0000005e   Code   RO         1043    .text               fz_ps.l(fflti.o)
    0x00000e56   0x00000e56   0x000000b0   Code   RO         1054    .text               c_p.l(_printf_intcommon.o)
    0x00000f06   0x00000f06   0x00000002   PAD
    0x00000f08   0x00000f08   0x00000030   Code   RO         1058    .text               c_p.l(_printf_char_common.o)
    0x00000f38   0x00000f38   0x0000000a   Code   RO         1060    .text               c_p.l(_sputc.o)
    0x00000f42   0x00000f42   0x00000028   Code   RO         1119    .text               c_p.l(rtudiv10.o)
    0x00000f6a   0x00000f6a   0x00000002   PAD
    0x00000f6c   0x00000f6c   0x00000064   Code   RO         1168    .text               fz_ps.l(fcmpin.o)
    0x00000fd0   0x00000fd0   0x0000003e   Code   RO         1170    .text               c_p.l(sys_stackheap_outer.o)
    0x0000100e   0x0000100e   0x00000010   Code   RO         1194    .text               c_p.l(exit.o)
    0x0000101e   0x0000101e   0x0000002e   Code   RO         1206    .text               fz_ps.l(cmpret.o)
    0x0000104c   0x0000104c   0x00000010   Code   RO         1208    .text               fz_ps.l(fnan2.o)
    0x0000105c   0x0000105c   0x00000008   Code   RO         1214    .text               c_p.l(libspace.o)
    0x00001064   0x00001064   0x0000005e   Code   RO         1280    .text               fz_ps.l(retnan.o)
    0x000010c2   0x000010c2   0x00000002   PAD
    0x000010c4   0x000010c4   0x0000000c   Code   RO         1282    .text               c_p.l(sys_exit.o)
    0x000010d0   0x000010d0   0x00000002   Code   RO         1307    .text               c_p.l(use_no_semi.o)
    0x000010d2   0x000010d2   0x00000000   Code   RO         1309    .text               c_p.l(indicate_semi.o)
    0x000010d2   0x000010d2   0x0000000a   Code   RO          200    .text.DL_Common_delayCycles  dl_common.o
    0x000010dc   0x000010dc   0x00000044   Code   RO          660    .text.DL_SPI_init   dl_spi.o
    0x00001120   0x00001120   0x00000012   Code   RO          662    .text.DL_SPI_setClockConfig  dl_spi.o
    0x00001132   0x00001132   0x00000002   PAD
    0x00001134   0x00001134   0x00000108   Code   RO          790    .text.DL_Timer_initFourCCPWMMode  dl_timer.o
    0x0000123c   0x0000123c   0x000000e8   Code   RO          718    .text.DL_Timer_initTimerMode  dl_timer.o
    0x00001324   0x00001324   0x0000001c   Code   RO          760    .text.DL_Timer_setCaptCompUpdateMethod  dl_timer.o
    0x00001340   0x00001340   0x00000018   Code   RO          764    .text.DL_Timer_setCaptureCompareOutCtl  dl_timer.o
    0x00001358   0x00001358   0x00000010   Code   RO          720    .text.DL_Timer_setCaptureCompareValue  dl_timer.o
    0x00001368   0x00001368   0x0000001c   Code   RO          714    .text.DL_Timer_setClockConfig  dl_timer.o
    0x00001384   0x00001384   0x00000048   Code   RO          823    .text.DL_UART_init  dl_uart.o
    0x000013cc   0x000013cc   0x00000012   Code   RO          825    .text.DL_UART_setClockConfig  dl_uart.o
    0x000013de   0x000013de   0x00000002   PAD
    0x000013e0   0x000013e0   0x0000013c   Code   RO          898    .text.GROUP1_IRQHandler  encoder.o
    0x0000151c   0x0000151c   0x000001bc   Code   RO          930    .text.LDC1000_Init  ldc1000.o
    0x000016d8   0x000016d8   0x00000090   Code   RO          932    .text.LDC1000_ReadData  ldc1000.o
    0x00001768   0x00001768   0x0000000c   Code   RO          892    .text.Motor_Init    encoder.o
    0x00001774   0x00001774   0x00000018   Code   RO          894    .text.Motor_get_distance  encoder.o
    0x0000178c   0x0000178c   0x00000118   Code   RO           12    .text.SHOW_Proc     empty.o
    0x000018a4   0x000018a4   0x000000e0   Code   RO           49    .text.SYSCFG_DL_GPIO_init  ti_msp_dl_config.o
    0x00001984   0x00001984   0x00000058   Code   RO           55    .text.SYSCFG_DL_LDC_CLK_init  ti_msp_dl_config.o
    0x000019dc   0x000019dc   0x00000058   Code   RO           57    .text.SYSCFG_DL_SERVO_init  ti_msp_dl_config.o
    0x00001a34   0x00001a34   0x00000048   Code   RO           65    .text.SYSCFG_DL_SPI_LDC_init  ti_msp_dl_config.o
    0x00001a7c   0x00001a7c   0x00000040   Code   RO           51    .text.SYSCFG_DL_SYSCTL_init  ti_msp_dl_config.o
    0x00001abc   0x00001abc   0x00000030   Code   RO           67    .text.SYSCFG_DL_SYSTICK_init  ti_msp_dl_config.o
    0x00001aec   0x00001aec   0x00000078   Code   RO           53    .text.SYSCFG_DL_TB6612_PWM_init  ti_msp_dl_config.o
    0x00001b64   0x00001b64   0x0000004c   Code   RO           63    .text.SYSCFG_DL_TFT_SPI_init  ti_msp_dl_config.o
    0x00001bb0   0x00001bb0   0x0000004c   Code   RO           59    .text.SYSCFG_DL_TIMER_0_init  ti_msp_dl_config.o
    0x00001bfc   0x00001bfc   0x00000060   Code   RO           61    .text.SYSCFG_DL_UART_0_init  ti_msp_dl_config.o
    0x00001c5c   0x00001c5c   0x00000058   Code   RO           45    .text.SYSCFG_DL_init  ti_msp_dl_config.o
    0x00001cb4   0x00001cb4   0x0000007c   Code   RO           47    .text.SYSCFG_DL_initPower  ti_msp_dl_config.o
    0x00001d30   0x00001d30   0x00000020   Code   RO          946    .text.Servo_set_angle  servo.o
    0x00001d50   0x00001d50   0x00000058   Code   RO           16    .text.SysTick_Handler  empty.o
    0x00001da8   0x00001da8   0x00000024   Code   RO          914    .text.TB6612_SetLeftSpeed  bsp_tb6612.o
    0x00001dcc   0x00001dcc   0x0000002c   Code   RO          912    .text.TB6612_SetRightSpeed  bsp_tb6612.o
    0x00001df8   0x00001df8   0x00000120   Code   RO          136    .text.func_float_to_str  tft180.o
    0x00001f18   0x00001f18   0x00000110   Code   RO           14    .text.main          empty.o
    0x00002028   0x00002028   0x0000040c   Code   RO          130    .text.tft180_init   tft180.o
    0x00002434   0x00002434   0x00000090   Code   RO          128    .text.tft180_set_region  tft180.o
    0x000024c4   0x000024c4   0x000000e4   Code   RO          132    .text.tft180_show_char_color  tft180.o
    0x000025a8   0x000025a8   0x000000bc   Code   RO          138    .text.tft180_show_num_color  tft180.o
    0x00002664   0x00002664   0x00000040   Code   RO          140    .text.tft180_show_string_color  tft180.o
    0x000026a4   0x000026a4   0x000001f6   Code   RO         1003    .text_divfast       c_p.l(aeabi_sdivfast.o)
    0x0000289a   0x0000289a   0x00000016   Code   RO         1029    i._feq              fz_ps.l(fcmp.o)
    0x000028b0   0x000028b0   0x00000016   Code   RO         1030    i._fgeq             fz_ps.l(fcmp.o)
    0x000028c6   0x000028c6   0x0000000e   Code   RO          981    i._is_digit         c_p.l(__printf_wp.o)
    0x000028d4   0x000028d4   0x0000008c   Code   RO         1023    x$fpl$fadd          fz_ps.l(faddsub.o)
    0x00002960   0x00002960   0x00000054   Code   RO         1121    x$fpl$feqf          fz_ps.l(feqf.o)
    0x000029b4   0x000029b4   0x00000054   Code   RO         1123    x$fpl$fgeqf         fz_ps.l(fgef.o)
    0x00002a08   0x00002a08   0x000000b0   Code   RO         1045    x$fpl$fmul          fz_ps.l(fmul.o)
    0x00002ab8   0x00002ab8   0x000000d0   Code   RO         1025    x$fpl$fsub          fz_ps.l(faddsub.o)
    0x00002b88   0x00002b88   0x00000000   Code   RO         1135    x$fpl$usenofp       fz_ps.l(usenofp.o)
    0x00002b88   0x00002b88   0x00000011   Data   RO          989    .constdata          c_p.l(__printf_flags_ss_wp.o)
    0x00002b99   0x00002b99   0x00000080   Data   RO         1015    .constdata          fz_ps.l(ddiv.o)
    0x00002c19   0x00002c19   0x000005f0   Data   RO          142    .rodata.ascii_font_8x16  tft180.o
    0x00003209   0x00003209   0x00000003   Data   RO           79    .rodata.gLDC_CLKClockConfig  ti_msp_dl_config.o
    0x0000320c   0x0000320c   0x00000008   Data   RO           80    .rodata.gLDC_CLKConfig  ti_msp_dl_config.o
    0x00003214   0x00003214   0x00000003   Data   RO           81    .rodata.gSERVOClockConfig  ti_msp_dl_config.o
    0x00003217   0x00003217   0x00000001   PAD
    0x00003218   0x00003218   0x00000008   Data   RO           82    .rodata.gSERVOConfig  ti_msp_dl_config.o
    0x00003220   0x00003220   0x00000002   Data   RO           89    .rodata.gSPI_LDC_clockConfig  ti_msp_dl_config.o
    0x00003222   0x00003222   0x0000000a   Data   RO           90    .rodata.gSPI_LDC_config  ti_msp_dl_config.o
    0x0000322c   0x0000322c   0x00000003   Data   RO           77    .rodata.gTB6612_PWMClockConfig  ti_msp_dl_config.o
    0x0000322f   0x0000322f   0x00000001   PAD
    0x00003230   0x00003230   0x00000008   Data   RO           78    .rodata.gTB6612_PWMConfig  ti_msp_dl_config.o
    0x00003238   0x00003238   0x00000002   Data   RO           87    .rodata.gTFT_SPI_clockConfig  ti_msp_dl_config.o
    0x0000323a   0x0000323a   0x0000000a   Data   RO           88    .rodata.gTFT_SPI_config  ti_msp_dl_config.o
    0x00003244   0x00003244   0x00000003   Data   RO           83    .rodata.gTIMER_0ClockConfig  ti_msp_dl_config.o
    0x00003247   0x00003247   0x00000001   PAD
    0x00003248   0x00003248   0x00000014   Data   RO           84    .rodata.gTIMER_0TimerConfig  ti_msp_dl_config.o
    0x0000325c   0x0000325c   0x00000002   Data   RO           85    .rodata.gUART_0ClockConfig  ti_msp_dl_config.o
    0x0000325e   0x0000325e   0x0000000a   Data   RO           86    .rodata.gUART_0Config  ti_msp_dl_config.o
    0x00003268   0x00003268   0x00000020   Data   RO         1362    Region$$Table       anon$$obj.o


    Execution Region RW_IRAM2 (Exec base: 0x20200000, Load base: 0x00003288, Size: 0x00000358, Max: 0x00008000, ABSOLUTE)

    Exec Addr    Load Addr    Size         Type   Attr      Idx    E Section Name        Object

    0x20200000   0x00003288   0x00000002   Data   RW           19    .data.angle         empty.o
    0x20200002   0x0000328a   0x00000006   PAD
    0x20200008        -       0x00000060   Zero   RW         1215    .bss                c_p.l(libspace.o)
    0x20200068        -       0x00000002   Zero   RW           26    .bss.Buzzer_Proc.tick  empty.o
    0x2020006a   0x0000328a   0x00000002   PAD
    0x2020006c        -       0x00000004   Zero   RW          935    .bss.FrequencyData  ldc1000.o
    0x20200070        -       0x00000004   Zero   RW          934    .bss.ProximityData  ldc1000.o
    0x20200074        -       0x00000014   Zero   RW           27    .bss.SHOW_Proc.buff  empty.o
    0x20200088        -       0x00000001   Zero   RW           22    .bss.cnt_min        empty.o
    0x20200089   0x0000328a   0x00000003   PAD
    0x2020008c        -       0x00000004   Zero   RW           20    .bss.cnt_ms         empty.o
    0x20200090        -       0x00000004   Zero   RW           18    .bss.cnt_s          empty.o
    0x20200094        -       0x00000001   Zero   RW           21    .bss.cnt_sec        empty.o
    0x20200095   0x0000328a   0x00000003   PAD
    0x20200098        -       0x00000004   Zero   RW           25    .bss.dis_cm         empty.o
    0x2020009c        -       0x00000004   Zero   RW           24    .bss.dis_m          empty.o
    0x202000a0        -       0x00000004   Zero   RW           23    .bss.distance       empty.o
    0x202000a4        -       0x00000004   Zero   RW          900    .bss.encoder_l_cnt  encoder.o
    0x202000a8        -       0x00000004   Zero   RW          901    .bss.encoder_r_cnt  encoder.o
    0x202000ac        -       0x000000a0   Zero   RW           74    .bss.gLDC_CLKBackup  ti_msp_dl_config.o
    0x2020014c        -       0x00000028   Zero   RW           76    .bss.gSPI_LDCBackup  ti_msp_dl_config.o
    0x20200174        -       0x000000bc   Zero   RW           73    .bss.gTB6612_PWMBackup  ti_msp_dl_config.o
    0x20200230        -       0x00000028   Zero   RW           75    .bss.gTFT_SPIBackup  ti_msp_dl_config.o
    0x20200258        -       0x00000000   Zero   RW           36    HEAP                startup_mspm0g350x_uvision.o
    0x20200258        -       0x00000100   Zero   RW           35    STACK               startup_mspm0g350x_uvision.o



  Load Region LR_BCR (Base: 0x41c00000, Size: 0x00000000, Max: 0x00000100, ABSOLUTE)

    Execution Region BCR_CONFIG (Exec base: 0x41c00000, Load base: 0x41c00000, Size: 0x00000000, Max: 0x00000080, ABSOLUTE)

    **** No section assigned to this execution region ****



  Load Region LR_BSL (Base: 0x41c00100, Size: 0x00000000, Max: 0x00000100, ABSOLUTE)

    Execution Region BSL_CONFIG (Exec base: 0x41c00100, Load base: 0x41c00100, Size: 0x00000000, Max: 0x00000080, ABSOLUTE)

    **** No section assigned to this execution region ****


==============================================================================

Image component sizes


      Code (inc. data)   RO Data    RW Data    ZI Data      Debug   Object Name

        80          8          0          0          0       6544   bsp_tb6612.o
        10          0          0          0          0        642   dl_common.o
        86          8          0          0          0      13028   dl_spi.o
       592        188          0          0          0      36100   dl_timer.o
        90          8          0          0          0      13491   dl_uart.o
       640        176          0          2         44       5467   empty.o
       352         20          0          0          8       7290   encoder.o
       588         16          0          0          8      14467   ldc1000.o
        32          4          0          0          0       3578   servo.o
        44         18        192          0        256        700   startup_mspm0g350x_uvision.o
      1948         36       1520          0          0      25901   tft180.o
      1164        260         92          0        428      35934   ti_msp_dl_config.o

    ----------------------------------------------------------------------
      5630        742       1839          4        756     163142   Object Totals
         0          0         32          0          0          0   (incl. Generated)
         4          0          3          2         12          0   (incl. Padding)

    ----------------------------------------------------------------------

      Code (inc. data)   RO Data    RW Data    ZI Data      Debug   Library Member Name

        44          4          0          0          0         84   __2sprintf.o
         8          0          0          0          0         68   __main.o
       392          6         17          0          0         76   __printf_flags_ss_wp.o
        14          0          0          0          0         60   __printf_wp.o
         0          0          0          0          0          0   __rtentry.o
        12          0          0          0          0          0   __rtentry2.o
         6          0          0          0          0          0   __rtentry4.o
        60          8          0          0          0          0   __scatter.o
        26          0          0          0          0          0   __scatter_copy.o
        28          0          0          0          0          0   __scatter_zi.o
        48          6          0          0          0         88   _printf_char_common.o
        10          0          0          0          0          0   _printf_d.o
       108         18          0          0          0         76   _printf_dec.o
       176          0          0          0          0         84   _printf_intcommon.o
        78          0          0          0          0        100   _printf_pad.o
         2          0          0          0          0          0   _printf_percent.o
         4          0          0          0          0          0   _printf_percent_end.o
        10          0          0          0          0         60   _sputc.o
      1006          4          0          0          0        184   aeabi_sdivfast.o
        16          0          0          0          0         68   exit.o
         6          0          0          0          0        136   heapauxi.o
         0          0          0          0          0          0   indicate_semi.o
         2          0          0          0          0          0   libinit.o
         2          0          0          0          0          0   libinit2.o
         2          0          0          0          0          0   libshutdown.o
         2          0          0          0          0          0   libshutdown2.o
         8          4          0          0         96         68   libspace.o
        64          0          0          0          0        108   rt_memclr.o
         2          0          0          0          0          0   rtexit.o
        10          0          0          0          0          0   rtexit2.o
        40          0          0          0          0         60   rtudiv10.o
        12          4          0          0          0         60   sys_exit.o
        62          0          0          0          0         80   sys_stackheap_outer.o
         2          0          0          0          0         68   use_no_semi.o
        46          0          0          0          0         60   cmpret.o
      1096         26        128          0          0        112   ddiv.o
       108         10          0          0          0         72   dfixi.o
        88          0          0          0          0         92   dflti.o
       584         26          0          0          0         84   dmul.o
       348          8          0          0          0        160   faddsub.o
        44          0          0          0          0        136   fcmp.o
       100          4          0          0          0         68   fcmpin.o
        84          4          0          0          0         76   feqf.o
        76          0          0          0          0         68   ffixi.o
        94          0          0          0          0         92   fflti.o
        84          4          0          0          0         76   fgef.o
       176          4          0          0          0         80   fmul.o
        16          6          0          0          0         68   fnan2.o
        94          0          0          0          0         68   retnan.o
         0          0          0          0          0          0   usenofp.o

    ----------------------------------------------------------------------
      5322        150        145          0         96       2840   Library Totals
        22          4          0          0          0          0   (incl. Padding)

    ----------------------------------------------------------------------

      Code (inc. data)   RO Data    RW Data    ZI Data      Debug   Library Name

      2262         54         17          0         96       1528   c_p.l
      3038         92        128          0          0       1312   fz_ps.l

    ----------------------------------------------------------------------
      5322        150        145          0         96       2840   Library Totals

    ----------------------------------------------------------------------

==============================================================================


      Code (inc. data)   RO Data    RW Data    ZI Data      Debug   

     10952        892       1984          4        852     164358   Grand Totals
     10952        892       1984          4        852     164358   ELF Image Totals
     10952        892       1984          4          0          0   ROM Totals

==============================================================================

    Total RO  Size (Code + RO Data)                12936 (  12.63kB)
    Total RW  Size (RW Data + ZI Data)               856 (   0.84kB)
    Total ROM Size (Code + RO Data + RW Data)      12940 (  12.64kB)

==============================================================================

